<html>
<body>
<pre>
<h1>µVision Build Log</h1>
<h2>Tool Versions:</h2>
IDE-Version: µVision V5.25.2.0
Copyright (C) 2018 ARM Ltd and ARM Germany GmbH. All rights reserved.
License Information: kuzar k, k, LIC=Y2B2Z-J4B45-INVA7-ET8WS-PG19G-AP771
 
Tool Versions:
Toolchain:       MDK-ARM Professional  Version: 5.25.2.0
Toolchain Path:  D:\Keil_v5\ARM\ARMCC\Bin
C Compiler:      Armcc.exe V5.06 update 6 (build 750)
Assembler:       Armasm.exe V5.06 update 6 (build 750)
Linker/Locator:  ArmLink.exe V5.06 update 6 (build 750)
Library Manager: ArmAr.exe V5.06 update 6 (build 750)
Hex Converter:   FromElf.exe V5.06 update 6 (build 750)
CPU DLL:         SARMCM3.DLL V5.25.2.0
Dialog DLL:      DCM.DLL V1.17.1.0
Target DLL:      STLink\ST-LINKIII-KEIL_SWO.dll V3.0.1.0
Dialog DLL:      TCM.DLL V1.35.1.0
 
<h2>Project:</h2>
C:\Users\KYZAP7\Documents\AppliedProgramming\Project\i2c_keil\MDK-ARM\i2c_keil.uvprojx
Project File Date:  03/13/2019

<h2>Output:</h2>
*** Using Compiler 'V5.06 update 6 (build 750)', folder: 'D:\Keil_v5\ARM\ARMCC\Bin'
Rebuild target 'i2c_keil'
assembling startup_stm32l432xx.s...
compiling stm32l4xx_hal_uart_ex.c...
compiling stm32l4xx_hal_tim_ex.c...
compiling stm32l4xx_hal_tim.c...
compiling system_stm32l4xx.c...
compiling stm32l4xx_hal_i2c_ex.c...
compiling stm32l4xx_hal_uart.c...
compiling stm32l4xx_hal_i2c.c...
compiling stm32l4xx_hal.c...
compiling stm32l4xx_hal_flash_ex.c...
compiling stm32l4xx_hal_flash.c...
compiling stm32l4xx_hal_flash_ramfunc.c...
compiling stm32l4xx_hal_gpio.c...
compiling stm32l4xx_hal_rcc.c...
compiling stm32l4xx_hal_rcc_ex.c...
compiling stm32l4xx_hal_dma.c...
compiling stm32l4xx_hal_dma_ex.c...
compiling stm32l4xx_hal_cortex.c...
compiling stm32l4xx_hal_pwr.c...
compiling stm32l4xx_hal_pwr_ex.c...
compiling stm32l4xx_hal_exti.c...
compiling main.c...
../Src/pca9685.h(34): warning:  #1295-D: Deprecated declaration PCA9685_Reset - give arg types
  void PCA9685_Reset();
../Src/pca9685.h(35): warning:  #1295-D: Deprecated declaration PCA9685_Go - give arg types
  void PCA9685_Go();
../Src/main.c: 2 warnings, 0 errors
compiling stm32l4xx_it.c...
compiling stm32l4xx_hal_msp.c...
compiling stm32l4xx_nucleo_32.c...
compiling pca9685.c...
..\Src\pca9685.h(34): warning:  #1295-D: Deprecated declaration PCA9685_Reset - give arg types
  void PCA9685_Reset();
..\Src\pca9685.h(35): warning:  #1295-D: Deprecated declaration PCA9685_Go - give arg types
  void PCA9685_Go();
..\Src\pca9685.c(31): warning:  #1035-D: single-precision operand implicitly converted to double-precision
      freq *= 0.92;  // Correct for overshoot in the frequency setting 
..\Src\pca9685.c(36): warning:  #1035-D: single-precision operand implicitly converted to double-precision
      prescale = floor(prescaleval + 0.5);
..\Src\pca9685.c: 4 warnings, 0 errors
compiling myi2c.c...
linking...
Program Size: Code=15136 RO-data=636 RW-data=36 ZI-data=1220  
FromELF: creating hex file...
"i2c_keil\i2c_keil.axf" - 0 Error(s), 6 Warning(s).

<h2>Software Packages used:</h2>

Package Vendor: ARM
                http://www.keil.com/pack/ARM.CMSIS.5.3.0.pack
                ARM.CMSIS.5.3.0
                CMSIS (Cortex Microcontroller Software Interface Standard)
   * Component: CORE Version: 5.1.1

Package Vendor: Keil
                http://www.keil.com/pack/Keil.STM32L4xx_DFP.2.0.0.pack
                Keil.STM32L4xx_DFP.2.0.0
                STMicroelectronics STM32L4 Series Device Support, Drivers and Examples

<h2>Collection of Component include folders:</h2>
  .\RTE\_i2c_keil
  D:\Keil_v5\ARM\PACK\ARM\CMSIS\5.3.0\CMSIS\Include
  D:\Keil_v5\ARM\PACK\Keil\STM32L4xx_DFP\2.0.0\Drivers\CMSIS\Device\ST\STM32L4xx\Include

<h2>Collection of Component Files used:</h2>

   * Component: ARM::CMSIS:CORE:5.1.1
Build Time Elapsed:  00:00:38
</pre>
</body>
</html>
