Component: ARM Compiler 5.06 update 6 (build 750) Tool: armlink [4d35ed]

==============================================================================

Section Cross References

    startup_stm32l432xx.o(RESET) refers to startup_stm32l432xx.o(STACK) for __initial_sp
    startup_stm32l432xx.o(RESET) refers to startup_stm32l432xx.o(.text) for Reset_Handler
    startup_stm32l432xx.o(RESET) refers to stm32l4xx_it.o(i.NMI_Handler) for NMI_Handler
    startup_stm32l432xx.o(RESET) refers to stm32l4xx_it.o(i.HardFault_Handler) for HardFault_Handler
    startup_stm32l432xx.o(RESET) refers to stm32l4xx_it.o(i.MemManage_Handler) for MemManage_Handler
    startup_stm32l432xx.o(RESET) refers to stm32l4xx_it.o(i.BusFault_Handler) for BusFault_Handler
    startup_stm32l432xx.o(RESET) refers to stm32l4xx_it.o(i.UsageFault_Handler) for UsageFault_Handler
    startup_stm32l432xx.o(RESET) refers to stm32l4xx_it.o(i.SVC_Handler) for SVC_Handler
    startup_stm32l432xx.o(RESET) refers to stm32l4xx_it.o(i.DebugMon_Handler) for DebugMon_Handler
    startup_stm32l432xx.o(RESET) refers to stm32l4xx_it.o(i.PendSV_Handler) for PendSV_Handler
    startup_stm32l432xx.o(RESET) refers to stm32l4xx_it.o(i.SysTick_Handler) for SysTick_Handler
    startup_stm32l432xx.o(RESET) refers to stm32l4xx_it.o(i.USART1_IRQHandler) for USART1_IRQHandler
    startup_stm32l432xx.o(.text) refers to system_stm32l4xx_1.o(i.SystemInit) for SystemInit
    startup_stm32l432xx.o(.text) refers to entry.o(.ARM.Collect$$$$00000000) for __main
    system_stm32l4xx_1.o(i.SystemCoreClockUpdate) refers to system_stm32l4xx_1.o(.constdata) for .constdata
    system_stm32l4xx_1.o(i.SystemCoreClockUpdate) refers to system_stm32l4xx_1.o(.data) for .data
    stm32l4xx_hal_i2c.o(i.HAL_I2C_DeInit) refers to main.o(i.assert_failed) for assert_failed
    stm32l4xx_hal_i2c.o(i.HAL_I2C_DeInit) refers to stm32l4xx_hal_msp.o(i.HAL_I2C_MspDeInit) for HAL_I2C_MspDeInit
    stm32l4xx_hal_i2c.o(i.HAL_I2C_DisableListen_IT) refers to stm32l4xx_hal_i2c.o(i.I2C_Disable_IRQ) for I2C_Disable_IRQ
    stm32l4xx_hal_i2c.o(i.HAL_I2C_ER_IRQHandler) refers to stm32l4xx_hal_i2c.o(i.I2C_ITError) for I2C_ITError
    stm32l4xx_hal_i2c.o(i.HAL_I2C_EnableListen_IT) refers to stm32l4xx_hal_i2c.o(i.I2C_Enable_IRQ) for I2C_Enable_IRQ
    stm32l4xx_hal_i2c.o(i.HAL_I2C_EnableListen_IT) refers to stm32l4xx_hal_i2c.o(i.I2C_Slave_ISR_IT) for I2C_Slave_ISR_IT
    stm32l4xx_hal_i2c.o(i.HAL_I2C_Init) refers to main.o(i.assert_failed) for assert_failed
    stm32l4xx_hal_i2c.o(i.HAL_I2C_Init) refers to stm32l4xx_hal_msp.o(i.HAL_I2C_MspInit) for HAL_I2C_MspInit
    stm32l4xx_hal_i2c.o(i.HAL_I2C_IsDeviceReady) refers to stm32l4xx_hal.o(i.HAL_GetTick) for HAL_GetTick
    stm32l4xx_hal_i2c.o(i.HAL_I2C_IsDeviceReady) refers to stm32l4xx_hal_i2c.o(i.I2C_WaitOnFlagUntilTimeout) for I2C_WaitOnFlagUntilTimeout
    stm32l4xx_hal_i2c.o(i.HAL_I2C_Master_Abort_IT) refers to stm32l4xx_hal_i2c.o(i.I2C_Disable_IRQ) for I2C_Disable_IRQ
    stm32l4xx_hal_i2c.o(i.HAL_I2C_Master_Abort_IT) refers to stm32l4xx_hal_i2c.o(i.I2C_TransferConfig) for I2C_TransferConfig
    stm32l4xx_hal_i2c.o(i.HAL_I2C_Master_Abort_IT) refers to stm32l4xx_hal_i2c.o(i.I2C_Enable_IRQ) for I2C_Enable_IRQ
    stm32l4xx_hal_i2c.o(i.HAL_I2C_Master_Receive) refers to stm32l4xx_hal.o(i.HAL_GetTick) for HAL_GetTick
    stm32l4xx_hal_i2c.o(i.HAL_I2C_Master_Receive) refers to stm32l4xx_hal_i2c.o(i.I2C_WaitOnFlagUntilTimeout) for I2C_WaitOnFlagUntilTimeout
    stm32l4xx_hal_i2c.o(i.HAL_I2C_Master_Receive) refers to stm32l4xx_hal_i2c.o(i.I2C_TransferConfig) for I2C_TransferConfig
    stm32l4xx_hal_i2c.o(i.HAL_I2C_Master_Receive) refers to stm32l4xx_hal_i2c.o(i.I2C_WaitOnRXNEFlagUntilTimeout) for I2C_WaitOnRXNEFlagUntilTimeout
    stm32l4xx_hal_i2c.o(i.HAL_I2C_Master_Receive) refers to stm32l4xx_hal_i2c.o(i.I2C_WaitOnSTOPFlagUntilTimeout) for I2C_WaitOnSTOPFlagUntilTimeout
    stm32l4xx_hal_i2c.o(i.HAL_I2C_Master_Receive_DMA) refers to stm32l4xx_hal_dma.o(i.HAL_DMA_Start_IT) for HAL_DMA_Start_IT
    stm32l4xx_hal_i2c.o(i.HAL_I2C_Master_Receive_DMA) refers to stm32l4xx_hal_i2c.o(i.I2C_TransferConfig) for I2C_TransferConfig
    stm32l4xx_hal_i2c.o(i.HAL_I2C_Master_Receive_DMA) refers to stm32l4xx_hal_i2c.o(i.I2C_Enable_IRQ) for I2C_Enable_IRQ
    stm32l4xx_hal_i2c.o(i.HAL_I2C_Master_Receive_DMA) refers to stm32l4xx_hal_i2c.o(i.I2C_Master_ISR_DMA) for I2C_Master_ISR_DMA
    stm32l4xx_hal_i2c.o(i.HAL_I2C_Master_Receive_DMA) refers to stm32l4xx_hal_i2c.o(i.I2C_DMAMasterReceiveCplt) for I2C_DMAMasterReceiveCplt
    stm32l4xx_hal_i2c.o(i.HAL_I2C_Master_Receive_DMA) refers to stm32l4xx_hal_i2c.o(i.I2C_DMAError) for I2C_DMAError
    stm32l4xx_hal_i2c.o(i.HAL_I2C_Master_Receive_DMA) refers to stm32l4xx_hal_i2c.o(i.I2C_Master_ISR_IT) for I2C_Master_ISR_IT
    stm32l4xx_hal_i2c.o(i.HAL_I2C_Master_Receive_IT) refers to stm32l4xx_hal_i2c.o(i.I2C_TransferConfig) for I2C_TransferConfig
[...]
    Removing stm32l4xx_hal.o(i.HAL_SYSCFG_EnableIOAnalogSwitchBooster), (16 bytes).
    Removing stm32l4xx_hal.o(i.HAL_SYSCFG_EnableMemorySwappingBank), (12 bytes).
    Removing stm32l4xx_hal.o(i.HAL_SYSCFG_SRAM2Erase), (28 bytes).
    Removing stm32l4xx_hal.o(i.HAL_SuspendTick), (14 bytes).
    Removing stm32l4xx_hal_rcc.o(.rev16_text), (4 bytes).
    Removing stm32l4xx_hal_rcc.o(.revsh_text), (4 bytes).
    Removing stm32l4xx_hal_rcc.o(.rrx_text), (6 bytes).
    Removing stm32l4xx_hal_rcc.o(i.HAL_RCC_CSSCallback), (2 bytes).
    Removing stm32l4xx_hal_rcc.o(i.HAL_RCC_DeInit), (216 bytes).
    Removing stm32l4xx_hal_rcc.o(i.HAL_RCC_EnableCSS), (16 bytes).
    Removing stm32l4xx_hal_rcc.o(i.HAL_RCC_GetClockConfig), (148 bytes).
    Removing stm32l4xx_hal_rcc.o(i.HAL_RCC_GetHCLKFreq), (12 bytes).
    Removing stm32l4xx_hal_rcc.o(i.HAL_RCC_GetOscConfig), (300 bytes).
    Removing stm32l4xx_hal_rcc.o(i.HAL_RCC_MCOConfig), (236 bytes).
    Removing stm32l4xx_hal_rcc.o(i.HAL_RCC_NMI_IRQHandler), (24 bytes).
    Removing stm32l4xx_hal_rcc_ex.o(.rev16_text), (4 bytes).
    Removing stm32l4xx_hal_rcc_ex.o(.revsh_text), (4 bytes).
    Removing stm32l4xx_hal_rcc_ex.o(.rrx_text), (6 bytes).
    Removing stm32l4xx_hal_rcc_ex.o(i.HAL_RCCEx_CRSConfig), (292 bytes).
    Removing stm32l4xx_hal_rcc_ex.o(i.HAL_RCCEx_CRSGetSynchronizationInfo), (112 bytes).
    Removing stm32l4xx_hal_rcc_ex.o(i.HAL_RCCEx_CRSSoftwareSynchronizationGenerate), (16 bytes).
    Removing stm32l4xx_hal_rcc_ex.o(i.HAL_RCCEx_CRSWaitSynchronization), (132 bytes).
    Removing stm32l4xx_hal_rcc_ex.o(i.HAL_RCCEx_CRS_ErrorCallback), (2 bytes).
    Removing stm32l4xx_hal_rcc_ex.o(i.HAL_RCCEx_CRS_ExpectedSyncCallback), (2 bytes).
    Removing stm32l4xx_hal_rcc_ex.o(i.HAL_RCCEx_CRS_IRQHandler), (108 bytes).
    Removing stm32l4xx_hal_rcc_ex.o(i.HAL_RCCEx_CRS_SyncOkCallback), (2 bytes).
    Removing stm32l4xx_hal_rcc_ex.o(i.HAL_RCCEx_CRS_SyncWarnCallback), (2 bytes).
    Removing stm32l4xx_hal_rcc_ex.o(i.HAL_RCCEx_DisableLSCO), (88 bytes).
    Removing stm32l4xx_hal_rcc_ex.o(i.HAL_RCCEx_DisableLSECSS), (28 bytes).
    Removing stm32l4xx_hal_rcc_ex.o(i.HAL_RCCEx_DisableMSIPLLMode), (16 bytes).
    Removing stm32l4xx_hal_rcc_ex.o(i.HAL_RCCEx_DisablePLLSAI1), (80 bytes).
    Removing stm32l4xx_hal_rcc_ex.o(i.HAL_RCCEx_EnableLSCO), (220 bytes).
    Removing stm32l4xx_hal_rcc_ex.o(i.HAL_RCCEx_EnableLSECSS), (20 bytes).
    Removing stm32l4xx_hal_rcc_ex.o(i.HAL_RCCEx_EnableLSECSS_IT), (56 bytes).
    Removing stm32l4xx_hal_rcc_ex.o(i.HAL_RCCEx_EnableMSIPLLMode), (16 bytes).
    Removing stm32l4xx_hal_rcc_ex.o(i.HAL_RCCEx_EnablePLLSAI1), (372 bytes).
    Removing stm32l4xx_hal_rcc_ex.o(i.HAL_RCCEx_GetPeriphCLKConfig), (188 bytes).
    Removing stm32l4xx_hal_rcc_ex.o(i.HAL_RCCEx_GetPeriphCLKFreq), (882 bytes).
    Removing stm32l4xx_hal_rcc_ex.o(i.HAL_RCCEx_LSECSS_Callback), (2 bytes).
    Removing stm32l4xx_hal_rcc_ex.o(i.HAL_RCCEx_LSECSS_IRQHandler), (24 bytes).
    Removing stm32l4xx_hal_rcc_ex.o(i.HAL_RCCEx_StandbyMSIRangeConfig), (112 bytes).
    Removing stm32l4xx_hal_rcc_ex.o(i.HAL_RCCEx_WakeUpStopCLKConfig), (100 bytes).
    Removing stm32l4xx_hal_rcc_ex.o(i.RCCEx_GetSAIxPeriphCLKFreq), (156 bytes).
    Removing stm32l4xx_hal_flash.o(.rev16_text), (4 bytes).
    Removing stm32l4xx_hal_flash.o(.revsh_text), (4 bytes).
    Removing stm32l4xx_hal_flash.o(.rrx_text), (6 bytes).
    Removing stm32l4xx_hal_flash.o(i.FLASH_Program_DoubleWord), (200 bytes).
    Removing stm32l4xx_hal_flash.o(i.FLASH_Program_Fast), (196 bytes).
    Removing stm32l4xx_hal_flash.o(i.FLASH_WaitForLastOperation), (116 bytes).
    Removing stm32l4xx_hal_flash.o(i.HAL_FLASH_EndOfOperationCallback), (2 bytes).
    Removing stm32l4xx_hal_flash.o(i.HAL_FLASH_GetError), (12 bytes).
    Removing stm32l4xx_hal_flash.o(i.HAL_FLASH_IRQHandler), (256 bytes).
    Removing stm32l4xx_hal_flash.o(i.HAL_FLASH_Lock), (20 bytes).
    Removing stm32l4xx_hal_flash.o(i.HAL_FLASH_OB_Launch), (24 bytes).
    Removing stm32l4xx_hal_flash.o(i.HAL_FLASH_OB_Lock), (20 bytes).
    Removing stm32l4xx_hal_flash.o(i.HAL_FLASH_OB_Unlock), (36 bytes).
    Removing stm32l4xx_hal_flash.o(i.HAL_FLASH_OperationErrorCallback), (2 bytes).
    Removing stm32l4xx_hal_flash.o(i.HAL_FLASH_Program), (246 bytes).
    Removing stm32l4xx_hal_flash.o(i.HAL_FLASH_Program_IT), (204 bytes).
    Removing stm32l4xx_hal_flash.o(i.HAL_FLASH_Unlock), (40 bytes).
    Removing stm32l4xx_hal_flash.o(.data), (32 bytes).
    Removing stm32l4xx_hal_flash_ex.o(.rev16_text), (4 bytes).
    Removing stm32l4xx_hal_flash_ex.o(.revsh_text), (4 bytes).
    Removing stm32l4xx_hal_flash_ex.o(.rrx_text), (6 bytes).
    Removing stm32l4xx_hal_flash_ex.o(i.FLASH_FlushCaches), (84 bytes).
    Removing stm32l4xx_hal_flash_ex.o(i.FLASH_MassErase), (112 bytes).
    Removing stm32l4xx_hal_flash_ex.o(i.FLASH_OB_PCROPConfig), (358 bytes).
    Removing stm32l4xx_hal_flash_ex.o(i.FLASH_OB_RDPConfig), (140 bytes).
    Removing stm32l4xx_hal_flash_ex.o(i.FLASH_OB_UserConfig), (372 bytes).
    Removing stm32l4xx_hal_flash_ex.o(i.FLASH_OB_WRPConfig), (256 bytes).
    Removing stm32l4xx_hal_flash_ex.o(i.FLASH_PageErase), (148 bytes).
    Removing stm32l4xx_hal_flash_ex.o(i.HAL_FLASHEx_Erase), (310 bytes).
    Removing stm32l4xx_hal_flash_ex.o(i.HAL_FLASHEx_Erase_IT), (232 bytes).
    Removing stm32l4xx_hal_flash_ex.o(i.HAL_FLASHEx_OBGetConfig), (136 bytes).
    Removing stm32l4xx_hal_flash_ex.o(i.HAL_FLASHEx_OBProgram), (196 bytes).
    Removing stm32l4xx_hal_flash_ramfunc.o(.rev16_text), (4 bytes).
    Removing stm32l4xx_hal_flash_ramfunc.o(.revsh_text), (4 bytes).
    Removing stm32l4xx_hal_flash_ramfunc.o(.rrx_text), (6 bytes).
    Removing stm32l4xx_hal_flash_ramfunc.o(i.HAL_FLASHEx_DisableRunPowerDown), (36 bytes).
    Removing stm32l4xx_hal_flash_ramfunc.o(i.HAL_FLASHEx_EnableRunPowerDown), (36 bytes).
    Removing stm32l4xx_hal_gpio.o(.rev16_text), (4 bytes).
    Removing stm32l4xx_hal_gpio.o(.revsh_text), (4 bytes).
    Removing stm32l4xx_hal_gpio.o(.rrx_text), (6 bytes).
    Removing stm32l4xx_hal_gpio.o(i.HAL_GPIO_DeInit), (354 bytes).
    Removing stm32l4xx_hal_gpio.o(i.HAL_GPIO_EXTI_Callback), (2 bytes).
    Removing stm32l4xx_hal_gpio.o(i.HAL_GPIO_EXTI_IRQHandler), (24 bytes).
    Removing stm32l4xx_hal_gpio.o(i.HAL_GPIO_LockPin), (164 bytes).
    Removing stm32l4xx_hal_gpio.o(i.HAL_GPIO_ReadPin), (88 bytes).
    Removing stm32l4xx_hal_dma.o(.rev16_text), (4 bytes).
    Removing stm32l4xx_hal_dma.o(.revsh_text), (4 bytes).
    Removing stm32l4xx_hal_dma.o(.rrx_text), (6 bytes).
    Removing stm32l4xx_hal_dma.o(i.DMA_SetConfig), (46 bytes).
    Removing stm32l4xx_hal_dma.o(i.HAL_DMA_Abort), (58 bytes).
    Removing stm32l4xx_hal_dma.o(i.HAL_DMA_DeInit), (332 bytes).
    Removing stm32l4xx_hal_dma.o(i.HAL_DMA_GetError), (4 bytes).
    Removing stm32l4xx_hal_dma.o(i.HAL_DMA_GetState), (6 bytes).
    Removing stm32l4xx_hal_dma.o(i.HAL_DMA_IRQHandler), (186 bytes).
    Removing stm32l4xx_hal_dma.o(i.HAL_DMA_Init), (560 bytes).
    Removing stm32l4xx_hal_dma.o(i.HAL_DMA_PollForTransfer), (222 bytes).
    Removing stm32l4xx_hal_dma.o(i.HAL_DMA_RegisterCallback), (74 bytes).
    Removing stm32l4xx_hal_dma.o(i.HAL_DMA_Start), (172 bytes).
    Removing stm32l4xx_hal_dma.o(i.HAL_DMA_Start_IT), (204 bytes).
    Removing stm32l4xx_hal_dma.o(i.HAL_DMA_UnRegisterCallback), (82 bytes).
    Removing stm32l4xx_hal_dma_ex.o(.rev16_text), (4 bytes).
    Removing stm32l4xx_hal_dma_ex.o(.revsh_text), (4 bytes).
    Removing stm32l4xx_hal_dma_ex.o(.rrx_text), (6 bytes).
    Removing stm32l4xx_hal_pwr.o(.rev16_text), (4 bytes).
    Removing stm32l4xx_hal_pwr.o(.revsh_text), (4 bytes).
    Removing stm32l4xx_hal_pwr.o(.rrx_text), (6 bytes).
    Removing stm32l4xx_hal_pwr.o(i.HAL_PWR_ConfigPVD), (284 bytes).
    Removing stm32l4xx_hal_pwr.o(i.HAL_PWR_DeInit), (24 bytes).
    Removing stm32l4xx_hal_pwr.o(i.HAL_PWR_DisableBkUpAccess), (16 bytes).
    Removing stm32l4xx_hal_pwr.o(i.HAL_PWR_DisablePVD), (16 bytes).
    Removing stm32l4xx_hal_pwr.o(i.HAL_PWR_DisableSEVOnPend), (16 bytes).
    Removing stm32l4xx_hal_pwr.o(i.HAL_PWR_DisableSleepOnExit), (16 bytes).
    Removing stm32l4xx_hal_pwr.o(i.HAL_PWR_DisableWakeUpPin), (132 bytes).
    Removing stm32l4xx_hal_pwr.o(i.HAL_PWR_EnableBkUpAccess), (16 bytes).
    Removing stm32l4xx_hal_pwr.o(i.HAL_PWR_EnablePVD), (16 bytes).
    Removing stm32l4xx_hal_pwr.o(i.HAL_PWR_EnableSEVOnPend), (16 bytes).
    Removing stm32l4xx_hal_pwr.o(i.HAL_PWR_EnableSleepOnExit), (16 bytes).
    Removing stm32l4xx_hal_pwr.o(i.HAL_PWR_EnableWakeUpPin), (144 bytes).
    Removing stm32l4xx_hal_pwr.o(i.HAL_PWR_EnterSLEEPMode), (164 bytes).
    Removing stm32l4xx_hal_pwr.o(i.HAL_PWR_EnterSTANDBYMode), (36 bytes).
    Removing stm32l4xx_hal_pwr.o(i.HAL_PWR_EnterSTOPMode), (100 bytes).
    Removing stm32l4xx_hal_pwr.o(i.HAL_PWR_PVDCallback), (2 bytes).
    Removing stm32l4xx_hal_pwr_ex.o(.rev16_text), (4 bytes).
    Removing stm32l4xx_hal_pwr_ex.o(.revsh_text), (4 bytes).
    Removing stm32l4xx_hal_pwr_ex.o(.rrx_text), (6 bytes).
    Removing stm32l4xx_hal_pwr_ex.o(i.HAL_PWREx_ConfigPVM), (352 bytes).
    Removing stm32l4xx_hal_pwr_ex.o(i.HAL_PWREx_DisableBatteryCharging), (16 bytes).
    Removing stm32l4xx_hal_pwr_ex.o(i.HAL_PWREx_DisableGPIOPullDown), (180 bytes).
    Removing stm32l4xx_hal_pwr_ex.o(i.HAL_PWREx_DisableGPIOPullUp), (176 bytes).
    Removing stm32l4xx_hal_pwr_ex.o(i.HAL_PWREx_DisableInternalWakeUpLine), (16 bytes).
    Removing stm32l4xx_hal_pwr_ex.o(i.HAL_PWREx_DisableLowPowerRunMode), (68 bytes).
    Removing stm32l4xx_hal_pwr_ex.o(i.HAL_PWREx_DisablePVM3), (16 bytes).
    Removing stm32l4xx_hal_pwr_ex.o(i.HAL_PWREx_DisablePVM4), (16 bytes).
    Removing stm32l4xx_hal_pwr_ex.o(i.HAL_PWREx_DisablePullUpPullDownConfig), (16 bytes).
    Removing stm32l4xx_hal_pwr_ex.o(i.HAL_PWREx_DisableSRAM2ContentRetention), (16 bytes).
    Removing stm32l4xx_hal_pwr_ex.o(i.HAL_PWREx_DisableVddUSB), (16 bytes).
    Removing stm32l4xx_hal_pwr_ex.o(i.HAL_PWREx_EnableBatteryCharging), (108 bytes).
    Removing stm32l4xx_hal_pwr_ex.o(i.HAL_PWREx_EnableGPIOPullDown), (208 bytes).
    Removing stm32l4xx_hal_pwr_ex.o(i.HAL_PWREx_EnableGPIOPullUp), (208 bytes).
    Removing stm32l4xx_hal_pwr_ex.o(i.HAL_PWREx_EnableInternalWakeUpLine), (16 bytes).
    Removing stm32l4xx_hal_pwr_ex.o(i.HAL_PWREx_EnableLowPowerRunMode), (16 bytes).
    Removing stm32l4xx_hal_pwr_ex.o(i.HAL_PWREx_EnablePVM3), (16 bytes).
    Removing stm32l4xx_hal_pwr_ex.o(i.HAL_PWREx_EnablePVM4), (16 bytes).
    Removing stm32l4xx_hal_pwr_ex.o(i.HAL_PWREx_EnablePullUpPullDownConfig), (16 bytes).
    Removing stm32l4xx_hal_pwr_ex.o(i.HAL_PWREx_EnableSRAM2ContentRetention), (16 bytes).
    Removing stm32l4xx_hal_pwr_ex.o(i.HAL_PWREx_EnableVddUSB), (16 bytes).
    Removing stm32l4xx_hal_pwr_ex.o(i.HAL_PWREx_EnterSHUTDOWNMode), (36 bytes).
    Removing stm32l4xx_hal_pwr_ex.o(i.HAL_PWREx_EnterSTOP0Mode), (136 bytes).
    Removing stm32l4xx_hal_pwr_ex.o(i.HAL_PWREx_EnterSTOP1Mode), (136 bytes).
    Removing stm32l4xx_hal_pwr_ex.o(i.HAL_PWREx_EnterSTOP2Mode), (136 bytes).
    Removing stm32l4xx_hal_pwr_ex.o(i.HAL_PWREx_PVD_PVM_IRQHandler), (60 bytes).
    Removing stm32l4xx_hal_pwr_ex.o(i.HAL_PWREx_PVM3Callback), (2 bytes).
    Removing stm32l4xx_hal_pwr_ex.o(i.HAL_PWREx_PVM4Callback), (2 bytes).
    Removing stm32l4xx_hal_cortex.o(.rev16_text), (4 bytes).
    Removing stm32l4xx_hal_cortex.o(.revsh_text), (4 bytes).
    Removing stm32l4xx_hal_cortex.o(.rrx_text), (6 bytes).
    Removing stm32l4xx_hal_cortex.o(i.HAL_MPU_ConfigRegion), (480 bytes).
    Removing stm32l4xx_hal_cortex.o(i.HAL_MPU_Disable), (28 bytes).
    Removing stm32l4xx_hal_cortex.o(i.HAL_MPU_Enable), (36 bytes).
    Removing stm32l4xx_hal_cortex.o(i.HAL_NVIC_ClearPendingIRQ), (100 bytes).
    Removing stm32l4xx_hal_cortex.o(i.HAL_NVIC_DisableIRQ), (96 bytes).
    Removing stm32l4xx_hal_cortex.o(i.HAL_NVIC_GetActive), (32 bytes).
    Removing stm32l4xx_hal_cortex.o(i.HAL_NVIC_GetPendingIRQ), (104 bytes).
    Removing stm32l4xx_hal_cortex.o(i.HAL_NVIC_GetPriority), (184 bytes).
    Removing stm32l4xx_hal_cortex.o(i.HAL_NVIC_GetPriorityGrouping), (16 bytes).
    Removing stm32l4xx_hal_cortex.o(i.HAL_NVIC_SetPendingIRQ), (100 bytes).
    Removing stm32l4xx_hal_cortex.o(i.HAL_NVIC_SystemReset), (36 bytes).
    Removing stm32l4xx_hal_cortex.o(i.HAL_SYSTICK_CLKSourceConfig), (100 bytes).
    Removing stm32l4xx_hal_cortex.o(i.HAL_SYSTICK_Callback), (2 bytes).
    Removing stm32l4xx_hal_cortex.o(i.HAL_SYSTICK_IRQHandler), (8 bytes).
    Removing stm32l4xx_hal_exti.o(.rev16_text), (4 bytes).
    Removing stm32l4xx_hal_exti.o(.revsh_text), (4 bytes).
    Removing stm32l4xx_hal_exti.o(.rrx_text), (6 bytes).
    Removing stm32l4xx_hal_exti.o(i.HAL_EXTI_ClearConfigLine), (260 bytes).
    Removing stm32l4xx_hal_exti.o(i.HAL_EXTI_ClearPending), (180 bytes).
    Removing stm32l4xx_hal_exti.o(i.HAL_EXTI_GenerateSWI), (164 bytes).
    Removing stm32l4xx_hal_exti.o(i.HAL_EXTI_GetConfigLine), (312 bytes).
    Removing stm32l4xx_hal_exti.o(i.HAL_EXTI_GetHandle), (132 bytes).
    Removing stm32l4xx_hal_exti.o(i.HAL_EXTI_GetPending), (184 bytes).
    Removing stm32l4xx_hal_exti.o(i.HAL_EXTI_IRQHandler), (44 bytes).
    Removing stm32l4xx_hal_exti.o(i.HAL_EXTI_RegisterCallback), (14 bytes).
    Removing stm32l4xx_hal_exti.o(i.HAL_EXTI_SetConfigLine), (388 bytes).
    Removing main.o(.rev16_text), (4 bytes).
    Removing main.o(.revsh_text), (4 bytes).
    Removing main.o(.rrx_text), (6 bytes).
    Removing main.o(.data), (1 bytes).
    Removing main.o(.data), (8 bytes).
    Removing stm32l4xx_it.o(.rev16_text), (4 bytes).
    Removing stm32l4xx_it.o(.revsh_text), (4 bytes).
    Removing stm32l4xx_it.o(.rrx_text), (6 bytes).
    Removing stm32l4xx_hal_msp.o(.rev16_text), (4 bytes).
    Removing stm32l4xx_hal_msp.o(.revsh_text), (4 bytes).
    Removing stm32l4xx_hal_msp.o(.rrx_text), (6 bytes).
    Removing stm32l4xx_hal_msp.o(i.HAL_I2C_MspDeInit), (40 bytes).
    Removing stm32l4xx_hal_msp.o(i.HAL_UART_MspDeInit), (52 bytes).
    Removing pca9685.o(.rev16_text), (4 bytes).
    Removing pca9685.o(.revsh_text), (4 bytes).
    Removing pca9685.o(.rrx_text), (6 bytes).
    Removing pca9685.o(i.pca9685_init), (114 bytes).
    Removing pca9685.o(i.pca9685_pwm), (48 bytes).
    Removing myi2c.o(.rev16_text), (4 bytes).
    Removing myi2c.o(.revsh_text), (4 bytes).
    Removing myi2c.o(.rrx_text), (6 bytes).
    Removing myi2c.o(i.IIC_Ack), (80 bytes).
    Removing myi2c.o(i.IIC_Init), (80 bytes).
    Removing myi2c.o(i.IIC_NAck), (80 bytes).
    Removing myi2c.o(i.IIC_Read_Byte), (104 bytes).
    Removing myi2c.o(i.IIC_Send_Byte), (108 bytes).
    Removing myi2c.o(i.IIC_Start), (80 bytes).
    Removing myi2c.o(i.IIC_Stop), (80 bytes).
    Removing myi2c.o(i.IIC_Wait_Ack), (100 bytes).
    Removing stm32l4xx_nucleo_32.o(.rev16_text), (4 bytes).
    Removing stm32l4xx_nucleo_32.o(.revsh_text), (4 bytes).
    Removing stm32l4xx_nucleo_32.o(.rrx_text), (6 bytes).
    Removing stm32l4xx_nucleo_32.o(i.BSP_DIGIT4_SEG7_Display), (148 bytes).
    Removing stm32l4xx_nucleo_32.o(i.BSP_DIGIT4_SEG7_Init), (36 bytes).
    Removing stm32l4xx_nucleo_32.o(i.BSP_GetVersion), (6 bytes).
    Removing stm32l4xx_nucleo_32.o(i.I2C1_Error), (20 bytes).
    Removing stm32l4xx_nucleo_32.o(i.I2C1_Init), (68 bytes).
    Removing stm32l4xx_nucleo_32.o(i.I2C1_IsDeviceReady), (24 bytes).
    Removing stm32l4xx_nucleo_32.o(i.I2C1_MspInit), (108 bytes).
    Removing stm32l4xx_nucleo_32.o(i.I2C1_Read), (52 bytes).
    Removing stm32l4xx_nucleo_32.o(i.I2C1_ReadBuffer), (44 bytes).
    Removing stm32l4xx_nucleo_32.o(i.I2C1_Write), (48 bytes).
    Removing stm32l4xx_nucleo_32.o(i.I2C1_WriteBuffer), (44 bytes).
    Removing stm32l4xx_nucleo_32.o(.bss), (76 bytes).
    Removing ddiv.o(.text), (222 bytes).
    Removing dfixul.o(.text), (48 bytes).

399 unused section(s) (total 35481 bytes) removed from the image.

==============================================================================

Image Symbol Table

    Local Symbols

    Symbol Name                              Value     Ov Type        Size  Object(Section)

    ../Drivers/STM32L4xx_HAL_Driver/Src/stm32l4xx_hal.c 0x00000000   Number         0  stm32l4xx_hal.o ABSOLUTE
    ../Drivers/STM32L4xx_HAL_Driver/Src/stm32l4xx_hal_cortex.c 0x00000000   Number         0  stm32l4xx_hal_cortex.o ABSOLUTE
    ../Drivers/STM32L4xx_HAL_Driver/Src/stm32l4xx_hal_dma.c 0x00000000   Number         0  stm32l4xx_hal_dma.o ABSOLUTE
    ../Drivers/STM32L4xx_HAL_Driver/Src/stm32l4xx_hal_dma_ex.c 0x00000000   Number         0  stm32l4xx_hal_dma_ex.o ABSOLUTE
    ../Drivers/STM32L4xx_HAL_Driver/Src/stm32l4xx_hal_exti.c 0x00000000   Number         0  stm32l4xx_hal_exti.o ABSOLUTE
    ../Drivers/STM32L4xx_HAL_Driver/Src/stm32l4xx_hal_flash.c 0x00000000   Number         0  stm32l4xx_hal_flash.o ABSOLUTE
    ../Drivers/STM32L4xx_HAL_Driver/Src/stm32l4xx_hal_flash_ex.c 0x00000000   Number         0  stm32l4xx_hal_flash_ex.o ABSOLUTE
    ../Drivers/STM32L4xx_HAL_Driver/Src/stm32l4xx_hal_flash_ramfunc.c 0x00000000   Number         0  stm32l4xx_hal_flash_ramfunc.o ABSOLUTE
    ../Drivers/STM32L4xx_HAL_Driver/Src/stm32l4xx_hal_gpio.c 0x00000000   Number         0  stm32l4xx_hal_gpio.o ABSOLUTE
    ../Drivers/STM32L4xx_HAL_Driver/Src/stm32l4xx_hal_i2c.c 0x00000000   Number         0  stm32l4xx_hal_i2c.o ABSOLUTE
    ../Drivers/STM32L4xx_HAL_Driver/Src/stm32l4xx_hal_i2c_ex.c 0x00000000   Number         0  stm32l4xx_hal_i2c_ex.o ABSOLUTE
    ../Drivers/STM32L4xx_HAL_Driver/Src/stm32l4xx_hal_pwr.c 0x00000000   Number         0  stm32l4xx_hal_pwr.o ABSOLUTE
    ../Drivers/STM32L4xx_HAL_Driver/Src/stm32l4xx_hal_pwr_ex.c 0x00000000   Number         0  stm32l4xx_hal_pwr_ex.o ABSOLUTE
    ../Drivers/STM32L4xx_HAL_Driver/Src/stm32l4xx_hal_rcc.c 0x00000000   Number         0  stm32l4xx_hal_rcc.o ABSOLUTE
    ../Drivers/STM32L4xx_HAL_Driver/Src/stm32l4xx_hal_rcc_ex.c 0x00000000   Number         0  stm32l4xx_hal_rcc_ex.o ABSOLUTE
    ../Drivers/STM32L4xx_HAL_Driver/Src/stm32l4xx_hal_tim.c 0x00000000   Number         0  stm32l4xx_hal_tim.o ABSOLUTE
    ../Drivers/STM32L4xx_HAL_Driver/Src/stm32l4xx_hal_tim_ex.c 0x00000000   Number         0  stm32l4xx_hal_tim_ex.o ABSOLUTE
    ../Drivers/STM32L4xx_HAL_Driver/Src/stm32l4xx_hal_uart.c 0x00000000   Number         0  stm32l4xx_hal_uart.o ABSOLUTE
    ../Drivers/STM32L4xx_HAL_Driver/Src/stm32l4xx_hal_uart_ex.c 0x00000000   Number         0  stm32l4xx_hal_uart_ex.o ABSOLUTE
    ../Src/main.c                            0x00000000   Number         0  main.o ABSOLUTE
    ../Src/stm32l4xx_hal_msp.c               0x00000000   Number         0  stm32l4xx_hal_msp.o ABSOLUTE
    ../Src/stm32l4xx_it.c                    0x00000000   Number         0  stm32l4xx_it.o ABSOLUTE
    ../Src/system_stm32l4xx.c                0x00000000   Number         0  system_stm32l4xx_1.o ABSOLUTE
    ../clib/microlib/ctype/ctype.c           0x00000000   Number         0  isalnum_o.o ABSOLUTE
    ../clib/microlib/ctype/ctype.c           0x00000000   Number         0  ctype_o.o ABSOLUTE
    ../clib/microlib/ctype/ctype.c           0x00000000   Number         0  iscntrl_o.o ABSOLUTE
    ../clib/microlib/ctype/ctype.c           0x00000000   Number         0  isxdigit_o.o ABSOLUTE
    ../clib/microlib/ctype/ctype.c           0x00000000   Number         0  isupper_o.o ABSOLUTE
    ../clib/microlib/ctype/ctype.c           0x00000000   Number         0  isspace_o.o ABSOLUTE
    ../clib/microlib/ctype/ctype.c           0x00000000   Number         0  ispunct_o.o ABSOLUTE
    ../clib/microlib/ctype/ctype.c           0x00000000   Number         0  isprint_o.o ABSOLUTE
    ../clib/microlib/ctype/ctype.c           0x00000000   Number         0  islower_o.o ABSOLUTE
    ../clib/microlib/ctype/ctype.c           0x00000000   Number         0  isgraph_o.o ABSOLUTE
    ../clib/microlib/ctype/ctype.c           0x00000000   Number         0  isdigit_o.o ABSOLUTE
    ../clib/microlib/ctype/ctype.c           0x00000000   Number         0  isblank_o.o ABSOLUTE
    ../clib/microlib/ctype/ctype.c           0x00000000   Number         0  isalpha_o.o ABSOLUTE
    ../clib/microlib/division.c              0x00000000   Number         0  uldiv.o ABSOLUTE
    ../clib/microlib/division.c              0x00000000   Number         0  uidiv.o ABSOLUTE
    ../clib/microlib/errno.c                 0x00000000   Number         0  errno.o ABSOLUTE
    ../clib/microlib/init/entry.s            0x00000000   Number         0  entry.o ABSOLUTE
    ../clib/microlib/init/entry.s            0x00000000   Number         0  entry7a.o ABSOLUTE
    ../clib/microlib/init/entry.s            0x00000000   Number         0  entry5.o ABSOLUTE
    ../clib/microlib/init/entry.s            0x00000000   Number         0  entry7b.o ABSOLUTE
    ../clib/microlib/init/entry.s            0x00000000   Number         0  entry2.o ABSOLUTE
    ../clib/microlib/init/entry.s            0x00000000   Number         0  entry8a.o ABSOLUTE
    ../clib/microlib/init/entry.s            0x00000000   Number         0  entry9a.o ABSOLUTE
    ../clib/microlib/init/entry.s            0x00000000   Number         0  entry8b.o ABSOLUTE
    ../clib/microlib/init/entry.s            0x00000000   Number         0  entry9b.o ABSOLUTE
    ../clib/microlib/init/entry.s            0x00000000   Number         0  entry10a.o ABSOLUTE
    ../clib/microlib/init/entry.s            0x00000000   Number         0  entry10b.o ABSOLUTE
    ../clib/microlib/init/entry.s            0x00000000   Number         0  entry11a.o ABSOLUTE
    ../clib/microlib/init/entry.s            0x00000000   Number         0  entry11b.o ABSOLUTE
    ../clib/microlib/longlong.c              0x00000000   Number         0  llsshr.o ABSOLUTE
    ../clib/microlib/longlong.c              0x00000000   Number         0  llushr.o ABSOLUTE
    ../clib/microlib/longlong.c              0x00000000   Number         0  llshl.o ABSOLUTE
    ../clib/microlib/printf/printf.c         0x00000000   Number         0  printfb.o ABSOLUTE
    ../clib/microlib/printf/printf.c         0x00000000   Number         0  printf4.o ABSOLUTE
    ../clib/microlib/printf/printf.c         0x00000000   Number         0  printf3.o ABSOLUTE
    ../clib/microlib/printf/printf.c         0x00000000   Number         0  printf2.o ABSOLUTE
    ../clib/microlib/printf/printf.c         0x00000000   Number         0  printf1.o ABSOLUTE
    ../clib/microlib/printf/printf.c         0x00000000   Number         0  printf0.o ABSOLUTE
    ../clib/microlib/printf/printf.c         0x00000000   Number         0  printfa.o ABSOLUTE
    ../clib/microlib/printf/printf.c         0x00000000   Number         0  printf8.o ABSOLUTE
    ../clib/microlib/printf/printf.c         0x00000000   Number         0  printf7.o ABSOLUTE
    ../clib/microlib/printf/printf.c         0x00000000   Number         0  printf6.o ABSOLUTE
    ../clib/microlib/printf/printf.c         0x00000000   Number         0  printf5.o ABSOLUTE
    ../clib/microlib/printf/stubs.s          0x00000000   Number         0  stubs.o ABSOLUTE
    ../clib/microlib/stdio/streams.c         0x00000000   Number         0  stdout.o ABSOLUTE
    ../clib/microlib/string/memset.c         0x00000000   Number         0  memseta.o ABSOLUTE
    ../clib/microlib/stubs.s                 0x00000000   Number         0  iusefp.o ABSOLUTE
    ../clib/scanf.c                          0x00000000   Number         0  strtol.o ABSOLUTE
    ../clib/scanf.c                          0x00000000   Number         0  _strtoul.o ABSOLUTE
    ../clib/scanf.c                          0x00000000   Number         0  _chval.o ABSOLUTE
    ../clib/scanf.c                          0x00000000   Number         0  atoi.o ABSOLUTE
    ../fplib/microlib/d2f.c                  0x00000000   Number         0  d2f.o ABSOLUTE
    ../fplib/microlib/f2d.c                  0x00000000   Number         0  f2d.o ABSOLUTE
    ../fplib/microlib/fpadd.c                0x00000000   Number         0  dadd.o ABSOLUTE
    ../fplib/microlib/fpdiv.c                0x00000000   Number         0  ddiv.o ABSOLUTE
    ../fplib/microlib/fpepilogue.c           0x00000000   Number         0  depilogue.o ABSOLUTE
    ../fplib/microlib/fpepilogue.c           0x00000000   Number         0  fepilogue.o ABSOLUTE
    ../fplib/microlib/fpfix.c                0x00000000   Number         0  dfixui.o ABSOLUTE
    ../fplib/microlib/fpfix.c                0x00000000   Number         0  dfixul.o ABSOLUTE
    ../fplib/microlib/fpmul.c                0x00000000   Number         0  dmul.o ABSOLUTE
    ../mathlib/floor.c                       0x00000000   Number         0  floor.o ABSOLUTE
    ..\Drivers\BSP\stm32l4xx_nucleo_32.c     0x00000000   Number         0  stm32l4xx_nucleo_32.o ABSOLUTE
    ..\Drivers\STM32L4xx_HAL_Driver\Src\stm32l4xx_hal.c 0x00000000   Number         0  stm32l4xx_hal.o ABSOLUTE
    ..\Drivers\STM32L4xx_HAL_Driver\Src\stm32l4xx_hal_cortex.c 0x00000000   Number         0  stm32l4xx_hal_cortex.o ABSOLUTE
    ..\Drivers\STM32L4xx_HAL_Driver\Src\stm32l4xx_hal_dma.c 0x00000000   Number         0  stm32l4xx_hal_dma.o ABSOLUTE
    ..\Drivers\STM32L4xx_HAL_Driver\Src\stm32l4xx_hal_dma_ex.c 0x00000000   Number         0  stm32l4xx_hal_dma_ex.o ABSOLUTE
    ..\Drivers\STM32L4xx_HAL_Driver\Src\stm32l4xx_hal_exti.c 0x00000000   Number         0  stm32l4xx_hal_exti.o ABSOLUTE
    ..\Drivers\STM32L4xx_HAL_Driver\Src\stm32l4xx_hal_flash.c 0x00000000   Number         0  stm32l4xx_hal_flash.o ABSOLUTE
    ..\Drivers\STM32L4xx_HAL_Driver\Src\stm32l4xx_hal_flash_ex.c 0x00000000   Number         0  stm32l4xx_hal_flash_ex.o ABSOLUTE
    ..\Drivers\STM32L4xx_HAL_Driver\Src\stm32l4xx_hal_flash_ramfunc.c 0x00000000   Number         0  stm32l4xx_hal_flash_ramfunc.o ABSOLUTE
    ..\Drivers\STM32L4xx_HAL_Driver\Src\stm32l4xx_hal_gpio.c 0x00000000   Number         0  stm32l4xx_hal_gpio.o ABSOLUTE
    ..\Drivers\STM32L4xx_HAL_Driver\Src\stm32l4xx_hal_i2c.c 0x00000000   Number         0  stm32l4xx_hal_i2c.o ABSOLUTE
    ..\Drivers\STM32L4xx_HAL_Driver\Src\stm32l4xx_hal_i2c_ex.c 0x00000000   Number         0  stm32l4xx_hal_i2c_ex.o ABSOLUTE
    ..\Drivers\STM32L4xx_HAL_Driver\Src\stm32l4xx_hal_pwr.c 0x00000000   Number         0  stm32l4xx_hal_pwr.o ABSOLUTE
    ..\Drivers\STM32L4xx_HAL_Driver\Src\stm32l4xx_hal_pwr_ex.c 0x00000000   Number         0  stm32l4xx_hal_pwr_ex.o ABSOLUTE
    ..\Drivers\STM32L4xx_HAL_Driver\Src\stm32l4xx_hal_rcc.c 0x00000000   Number         0  stm32l4xx_hal_rcc.o ABSOLUTE
    ..\Drivers\STM32L4xx_HAL_Driver\Src\stm32l4xx_hal_rcc_ex.c 0x00000000   Number         0  stm32l4xx_hal_rcc_ex.o ABSOLUTE
    ..\Drivers\STM32L4xx_HAL_Driver\Src\stm32l4xx_hal_tim.c 0x00000000   Number         0  stm32l4xx_hal_tim.o ABSOLUTE
    ..\Drivers\STM32L4xx_HAL_Driver\Src\stm32l4xx_hal_tim_ex.c 0x00000000   Number         0  stm32l4xx_hal_tim_ex.o ABSOLUTE
    ..\Drivers\STM32L4xx_HAL_Driver\Src\stm32l4xx_hal_uart.c 0x00000000   Number         0  stm32l4xx_hal_uart.o ABSOLUTE
    ..\Drivers\STM32L4xx_HAL_Driver\Src\stm32l4xx_hal_uart_ex.c 0x00000000   Number         0  stm32l4xx_hal_uart_ex.o ABSOLUTE
    ..\Src\main.c                            0x00000000   Number         0  main.o ABSOLUTE
    ..\Src\pca9685.c                         0x00000000   Number         0  pca9685.o ABSOLUTE
    ..\Src\stm32l4xx_hal_msp.c               0x00000000   Number         0  stm32l4xx_hal_msp.o ABSOLUTE
    ..\Src\stm32l4xx_it.c                    0x00000000   Number         0  stm32l4xx_it.o ABSOLUTE
    ..\Src\system_stm32l4xx.c                0x00000000   Number         0  system_stm32l4xx_1.o ABSOLUTE
    ..\\Drivers\\BSP\\stm32l4xx_nucleo_32.c  0x00000000   Number         0  stm32l4xx_nucleo_32.o ABSOLUTE
    ..\\Src\\pca9685.c                       0x00000000   Number         0  pca9685.o ABSOLUTE
    cdrcmple.s                               0x00000000   Number         0  cdrcmple.o ABSOLUTE
    dc.s                                     0x00000000   Number         0  dc.o ABSOLUTE
    handlers.s                               0x00000000   Number         0  handlers.o ABSOLUTE
    init.s                                   0x00000000   Number         0  init.o ABSOLUTE
    myi2c.c                                  0x00000000   Number         0  myi2c.o ABSOLUTE
    myi2c.c                                  0x00000000   Number         0  myi2c.o ABSOLUTE
    startup_stm32l432xx.s                    0x00000000   Number         0  startup_stm32l432xx.o ABSOLUTE
    RESET                                    0x08000000   Section      396  startup_stm32l432xx.o(RESET)
    .ARM.Collect$$$$00000000                 0x0800018c   Section        0  entry.o(.ARM.Collect$$$$00000000)
    .ARM.Collect$$$$00000001                 0x0800018c   Section        4  entry2.o(.ARM.Collect$$$$00000001)
    .ARM.Collect$$$$00000004                 0x08000190   Section        4  entry5.o(.ARM.Collect$$$$00000004)
    .ARM.Collect$$$$00000008                 0x08000194   Section        0  entry7b.o(.ARM.Collect$$$$00000008)
    .ARM.Collect$$$$0000000A                 0x08000194   Section        0  entry8b.o(.ARM.Collect$$$$0000000A)
    .ARM.Collect$$$$0000000B                 0x08000194   Section        8  entry9a.o(.ARM.Collect$$$$0000000B)
    .ARM.Collect$$$$0000000D                 0x0800019c   Section        0  entry10a.o(.ARM.Collect$$$$0000000D)
    .ARM.Collect$$$$0000000F                 0x0800019c   Section        0  entry11a.o(.ARM.Collect$$$$0000000F)
    .ARM.Collect$$$$00002712                 0x0800019c   Section        4  entry2.o(.ARM.Collect$$$$00002712)
    __lit__00000000                          0x0800019c   Data           4  entry2.o(.ARM.Collect$$$$00002712)
    .text                                    0x080001a0   Section       36  startup_stm32l432xx.o(.text)
    $v0                                      0x080001a0   Number         0  startup_stm32l432xx.o(.text)
    .text                                    0x080001c4   Section        0  uldiv.o(.text)
    .text                                    0x0800022c   Section        0  memseta.o(.text)
    .text                                    0x08000250   Section        0  atoi.o(.text)
    .text                                    0x0800026a   Section        0  dadd.o(.text)
    .text                                    0x080003c8   Section        0  dmul.o(.text)
    .text                                    0x080004b2   Section        0  dfixui.o(.text)
    .text                                    0x080004e4   Section        0  f2d.o(.text)
    .text                                    0x0800050a   Section        0  d2f.o(.text)
    .text                                    0x08000542   Section        0  uidiv.o(.text)
    .text                                    0x0800056e   Section        0  llshl.o(.text)
    .text                                    0x0800058c   Section        0  llushr.o(.text)
    .text                                    0x080005ac   Section        0  llsshr.o(.text)
    .text                                    0x080005d0   Section        0  strtol.o(.text)
    .text                                    0x08000640   Section        0  fepilogue.o(.text)
    .text                                    0x08000640   Section        0  iusefp.o(.text)
    .text                                    0x080006ae   Section        0  depilogue.o(.text)
    .text                                    0x08000768   Section       48  cdrcmple.o(.text)
    .text                                    0x08000798   Section       36  init.o(.text)
    .text                                    0x080007bc   Section        0  ctype_o.o(.text)
    .text                                    0x080007c4   Section        0  _strtoul.o(.text)
    .text                                    0x08000868   Section        0  _chval.o(.text)
    i.BSP_LED_Init                           0x08000884   Section        0  stm32l4xx_nucleo_32.o(i.BSP_LED_Init)
    i.BSP_LED_Off                            0x080008dc   Section        0  stm32l4xx_nucleo_32.o(i.BSP_LED_Off)
    i.BSP_LED_On                             0x080008f8   Section        0  stm32l4xx_nucleo_32.o(i.BSP_LED_On)
    i.BSP_LED_Toggle                         0x08000914   Section        0  stm32l4xx_nucleo_32.o(i.BSP_LED_Toggle)
    i.BusFault_Handler                       0x0800092c   Section        0  stm32l4xx_it.o(i.BusFault_Handler)
    i.DebugMon_Handler                       0x0800092e   Section        0  stm32l4xx_it.o(i.DebugMon_Handler)
    i.Error_Handler                          0x08000930   Section        0  main.o(i.Error_Handler)
    i.HAL_DMA_Abort_IT                       0x08000948   Section        0  stm32l4xx_hal_dma.o(i.HAL_DMA_Abort_IT)
    i.HAL_Delay                              0x08000996   Section        0  stm32l4xx_hal.o(i.HAL_Delay)
    i.HAL_GPIO_Init                          0x080009b4   Section        0  stm32l4xx_hal_gpio.o(i.HAL_GPIO_Init)
    i.HAL_GPIO_TogglePin                     0x08000c44   Section        0  stm32l4xx_hal_gpio.o(i.HAL_GPIO_TogglePin)
    i.HAL_GPIO_WritePin                      0x08000c9c   Section        0  stm32l4xx_hal_gpio.o(i.HAL_GPIO_WritePin)
    i.HAL_GetTick                            0x08000d04   Section        0  stm32l4xx_hal.o(i.HAL_GetTick)
    i.HAL_I2CEx_ConfigAnalogFilter           0x08000d10   Section        0  stm32l4xx_hal_i2c_ex.o(i.HAL_I2CEx_ConfigAnalogFilter)
    i.HAL_I2CEx_ConfigDigitalFilter          0x08000dd4   Section        0  stm32l4xx_hal_i2c_ex.o(i.HAL_I2CEx_ConfigDigitalFilter)
    i.HAL_I2C_Init                           0x08000e90   Section        0  stm32l4xx_hal_i2c.o(i.HAL_I2C_Init)
    i.HAL_I2C_Master_Receive                 0x0800103c   Section        0  stm32l4xx_hal_i2c.o(i.HAL_I2C_Master_Receive)
    i.HAL_I2C_Master_Transmit                0x08001168   Section        0  stm32l4xx_hal_i2c.o(i.HAL_I2C_Master_Transmit)
    i.HAL_I2C_MspInit                        0x08001294   Section        0  stm32l4xx_hal_msp.o(i.HAL_I2C_MspInit)
    i.HAL_IncTick                            0x080012f8   Section        0  stm32l4xx_hal.o(i.HAL_IncTick)
    i.HAL_Init                               0x08001308   Section        0  stm32l4xx_hal.o(i.HAL_Init)
    i.HAL_InitTick                           0x08001328   Section        0  stm32l4xx_hal.o(i.HAL_InitTick)
    i.HAL_MspInit                            0x08001358   Section        0  stm32l4xx_hal_msp.o(i.HAL_MspInit)
    i.HAL_NVIC_EnableIRQ                     0x08001384   Section        0  stm32l4xx_hal_cortex.o(i.HAL_NVIC_EnableIRQ)
    i.HAL_NVIC_SetPriority                   0x080013e4   Section        0  stm32l4xx_hal_cortex.o(i.HAL_NVIC_SetPriority)
    i.HAL_NVIC_SetPriorityGrouping           0x08001484   Section        0  stm32l4xx_hal_cortex.o(i.HAL_NVIC_SetPriorityGrouping)
    i.HAL_PWREx_ControlVoltageScaling        0x08001504   Section        0  stm32l4xx_hal_pwr_ex.o(i.HAL_PWREx_ControlVoltageScaling)
    i.HAL_PWREx_GetVoltageRange              0x080015bc   Section        0  stm32l4xx_hal_pwr_ex.o(i.HAL_PWREx_GetVoltageRange)
    i.HAL_RCCEx_PeriphCLKConfig              0x080015cc   Section        0  stm32l4xx_hal_rcc_ex.o(i.HAL_RCCEx_PeriphCLKConfig)
    i.HAL_RCC_ClockConfig                    0x08001a3c   Section        0  stm32l4xx_hal_rcc.o(i.HAL_RCC_ClockConfig)
    i.HAL_RCC_GetPCLK1Freq                   0x08001c58   Section        0  stm32l4xx_hal_rcc.o(i.HAL_RCC_GetPCLK1Freq)
    i.HAL_RCC_GetPCLK2Freq                   0x08001c7c   Section        0  stm32l4xx_hal_rcc.o(i.HAL_RCC_GetPCLK2Freq)
    i.HAL_RCC_GetSysClockFreq                0x08001ca0   Section        0  stm32l4xx_hal_rcc.o(i.HAL_RCC_GetSysClockFreq)
    i.HAL_RCC_OscConfig                      0x08001d44   Section        0  stm32l4xx_hal_rcc.o(i.HAL_RCC_OscConfig)
    i.HAL_SYSTICK_Config                     0x080023ec   Section        0  stm32l4xx_hal_cortex.o(i.HAL_SYSTICK_Config)
    i.HAL_UARTEx_WakeupCallback              0x08002414   Section        0  stm32l4xx_hal_uart_ex.o(i.HAL_UARTEx_WakeupCallback)
    i.HAL_UART_ErrorCallback                 0x08002416   Section        0  stm32l4xx_hal_uart.o(i.HAL_UART_ErrorCallback)
    i.HAL_UART_IRQHandler                    0x08002418   Section        0  stm32l4xx_hal_uart.o(i.HAL_UART_IRQHandler)
    i.HAL_UART_Init                          0x0800255c   Section        0  stm32l4xx_hal_uart.o(i.HAL_UART_Init)
    i.HAL_UART_MspInit                       0x08002644   Section        0  stm32l4xx_hal_msp.o(i.HAL_UART_MspInit)
    i.HAL_UART_Receive_IT                    0x080026b8   Section        0  stm32l4xx_hal_uart.o(i.HAL_UART_Receive_IT)
    i.HAL_UART_RxCpltCallback                0x08002764   Section        0  main.o(i.HAL_UART_RxCpltCallback)
    i.HAL_UART_Transmit                      0x08002870   Section        0  stm32l4xx_hal_uart.o(i.HAL_UART_Transmit)
    i.HAL_UART_TxCpltCallback                0x08002920   Section        0  stm32l4xx_hal_uart.o(i.HAL_UART_TxCpltCallback)
    i.HardFault_Handler                      0x08002922   Section        0  stm32l4xx_it.o(i.HardFault_Handler)
    i.I2C_Flush_TXDR                         0x08002924   Section        0  stm32l4xx_hal_i2c.o(i.I2C_Flush_TXDR)
    I2C_Flush_TXDR                           0x08002925   Thumb Code    34  stm32l4xx_hal_i2c.o(i.I2C_Flush_TXDR)
    i.I2C_IsAcknowledgeFailed                0x08002948   Section        0  stm32l4xx_hal_i2c.o(i.I2C_IsAcknowledgeFailed)
    I2C_IsAcknowledgeFailed                  0x08002949   Thumb Code   128  stm32l4xx_hal_i2c.o(i.I2C_IsAcknowledgeFailed)
    i.I2C_TransferConfig                     0x080029cc   Section        0  stm32l4xx_hal_i2c.o(i.I2C_TransferConfig)
    I2C_TransferConfig                       0x080029cd   Thumb Code   130  stm32l4xx_hal_i2c.o(i.I2C_TransferConfig)
    i.I2C_WaitOnFlagUntilTimeout             0x08002aa0   Section        0  stm32l4xx_hal_i2c.o(i.I2C_WaitOnFlagUntilTimeout)
    I2C_WaitOnFlagUntilTimeout               0x08002aa1   Thumb Code    88  stm32l4xx_hal_i2c.o(i.I2C_WaitOnFlagUntilTimeout)
    i.I2C_WaitOnRXNEFlagUntilTimeout         0x08002af8   Section        0  stm32l4xx_hal_i2c.o(i.I2C_WaitOnRXNEFlagUntilTimeout)
    I2C_WaitOnRXNEFlagUntilTimeout           0x08002af9   Thumb Code   128  stm32l4xx_hal_i2c.o(i.I2C_WaitOnRXNEFlagUntilTimeout)
    i.I2C_WaitOnSTOPFlagUntilTimeout         0x08002b7c   Section        0  stm32l4xx_hal_i2c.o(i.I2C_WaitOnSTOPFlagUntilTimeout)
    I2C_WaitOnSTOPFlagUntilTimeout           0x08002b7d   Thumb Code    76  stm32l4xx_hal_i2c.o(i.I2C_WaitOnSTOPFlagUntilTimeout)
    i.I2C_WaitOnTXISFlagUntilTimeout         0x08002bc8   Section        0  stm32l4xx_hal_i2c.o(i.I2C_WaitOnTXISFlagUntilTimeout)
    I2C_WaitOnTXISFlagUntilTimeout           0x08002bc9   Thumb Code    80  stm32l4xx_hal_i2c.o(i.I2C_WaitOnTXISFlagUntilTimeout)
    i.MX_I2C1_Init                           0x08002c18   Section        0  main.o(i.MX_I2C1_Init)
    MX_I2C1_Init                             0x08002c19   Thumb Code    64  main.o(i.MX_I2C1_Init)
    i.MX_USART1_UART_Init                    0x08002c64   Section        0  main.o(i.MX_USART1_UART_Init)
    MX_USART1_UART_Init                      0x08002c65   Thumb Code    64  main.o(i.MX_USART1_UART_Init)
    i.MemManage_Handler                      0x08002cac   Section        0  stm32l4xx_it.o(i.MemManage_Handler)
    i.NMI_Handler                            0x08002cae   Section        0  stm32l4xx_it.o(i.NMI_Handler)
    i.NVIC_SetPriority                       0x08002cb0   Section        0  stm32l4xx_hal_cortex.o(i.NVIC_SetPriority)
    NVIC_SetPriority                         0x08002cb1   Thumb Code    32  stm32l4xx_hal_cortex.o(i.NVIC_SetPriority)
    i.PCA9685_Go                             0x08002cd0   Section        0  pca9685.o(i.PCA9685_Go)
    i.PCA9685_Reset                          0x08002cd4   Section        0  pca9685.o(i.PCA9685_Reset)
    i.PCA9685_read                           0x08002cdc   Section        0  pca9685.o(i.PCA9685_read)
    i.PCA9685_write                          0x08002d0c   Section        0  pca9685.o(i.PCA9685_write)
    i.PendSV_Handler                         0x08002d30   Section        0  stm32l4xx_it.o(i.PendSV_Handler)
    i.RCCEx_PLLSAI1_Config                   0x08002d34   Section        0  stm32l4xx_hal_rcc_ex.o(i.RCCEx_PLLSAI1_Config)
    RCCEx_PLLSAI1_Config                     0x08002d35   Thumb Code   442  stm32l4xx_hal_rcc_ex.o(i.RCCEx_PLLSAI1_Config)
    i.RCC_SetFlashLatencyFromMSIRange        0x08002f44   Section        0  stm32l4xx_hal_rcc.o(i.RCC_SetFlashLatencyFromMSIRange)
    RCC_SetFlashLatencyFromMSIRange          0x08002f45   Thumb Code   116  stm32l4xx_hal_rcc.o(i.RCC_SetFlashLatencyFromMSIRange)
    i.SVC_Handler                            0x08002fc0   Section        0  stm32l4xx_it.o(i.SVC_Handler)
    i.SysTick_Handler                        0x08002fc2   Section        0  stm32l4xx_it.o(i.SysTick_Handler)
    i.SystemClock_Config                     0x08002fc6   Section        0  main.o(i.SystemClock_Config)
    i.SystemInit                             0x08003048   Section        0  system_stm32l4xx_1.o(i.SystemInit)
    i.UART_AdvFeatureConfig                  0x0800308c   Section        0  stm32l4xx_hal_uart.o(i.UART_AdvFeatureConfig)
    i.UART_CheckIdleState                    0x08003284   Section        0  stm32l4xx_hal_uart.o(i.UART_CheckIdleState)
    i.UART_DMAAbortOnError                   0x080032e0   Section        0  stm32l4xx_hal_uart.o(i.UART_DMAAbortOnError)
    UART_DMAAbortOnError                     0x080032e1   Thumb Code    20  stm32l4xx_hal_uart.o(i.UART_DMAAbortOnError)
    i.UART_EndRxTransfer                     0x080032f4   Section        0  stm32l4xx_hal_uart.o(i.UART_EndRxTransfer)
    UART_EndRxTransfer                       0x080032f5   Thumb Code    32  stm32l4xx_hal_uart.o(i.UART_EndRxTransfer)
    i.UART_RxISR_16BIT                       0x08003314   Section        0  stm32l4xx_hal_uart.o(i.UART_RxISR_16BIT)
    UART_RxISR_16BIT                         0x08003315   Thumb Code    92  stm32l4xx_hal_uart.o(i.UART_RxISR_16BIT)
    i.UART_RxISR_8BIT                        0x08003370   Section        0  stm32l4xx_hal_uart.o(i.UART_RxISR_8BIT)
    UART_RxISR_8BIT                          0x08003371   Thumb Code    90  stm32l4xx_hal_uart.o(i.UART_RxISR_8BIT)
    i.UART_SetConfig                         0x080033cc   Section        0  stm32l4xx_hal_uart.o(i.UART_SetConfig)
    i.UART_WaitOnFlagUntilTimeout            0x08003718   Section        0  stm32l4xx_hal_uart.o(i.UART_WaitOnFlagUntilTimeout)
    i.USART1_IRQHandler                      0x0800377c   Section        0  stm32l4xx_it.o(i.USART1_IRQHandler)
    i.UsageFault_Handler                     0x0800379c   Section        0  stm32l4xx_it.o(i.UsageFault_Handler)
    i.__0printf$3                            0x080037a0   Section        0  printf3.o(i.__0printf$3)
    i.__0sprintf$3                           0x080037c0   Section        0  printf3.o(i.__0sprintf$3)
    i.__aeabi_errno_addr                     0x080037e8   Section        0  errno.o(i.__aeabi_errno_addr)
    i.__hardfp_floor                         0x080037f0   Section        0  floor.o(i.__hardfp_floor)
    i.__scatterload_copy                     0x08003908   Section       14  handlers.o(i.__scatterload_copy)
    i.__scatterload_null                     0x08003916   Section        2  handlers.o(i.__scatterload_null)
    i.__scatterload_zeroinit                 0x08003918   Section       14  handlers.o(i.__scatterload_zeroinit)
    i._printf_core                           0x08003928   Section        0  printf3.o(i._printf_core)
    _printf_core                             0x08003929   Thumb Code   436  printf3.o(i._printf_core)
    i._sputc                                 0x08003ae6   Section        0  printf3.o(i._sputc)
    _sputc                                   0x08003ae7   Thumb Code    10  printf3.o(i._sputc)
    i.assert_failed                          0x08003af0   Section        0  main.o(i.assert_failed)
    i.fputc                                  0x08003af4   Section        0  main.o(i.fputc)
    i.main                                   0x08003b0c   Section        0  main.o(i.main)
    i.setPWM                                 0x08003b84   Section        0  pca9685.o(i.setPWM)
    i.setPWMFreq                             0x08003bc8   Section        0  pca9685.o(i.setPWMFreq)
    .constdata                               0x08003c64   Section       64  system_stm32l4xx_1.o(.constdata)
    .constdata                               0x08003ca4   Section        8  system_stm32l4xx_1.o(.constdata)
    .constdata                               0x08003cac   Section        2  stm32l4xx_nucleo_32.o(.constdata)
    .constdata                               0x08003cae   Section      129  ctype_o.o(.constdata)
    .constdata                               0x08003d30   Section        4  ctype_o.o(.constdata)
    table                                    0x08003d30   Data           4  ctype_o.o(.constdata)
    .data                                    0x20000000   Section        4  system_stm32l4xx_1.o(.data)
    .data                                    0x20000004   Section        4  stm32l4xx_hal.o(.data)
    .data                                    0x20000008   Section       20  main.o(.data)
    .data                                    0x2000001c   Section        8  stm32l4xx_nucleo_32.o(.data)
    .data                                    0x20000024   Section        4  stdout.o(.data)
    .data                                    0x20000028   Section        4  errno.o(.data)
    _errno                                   0x20000028   Data           4  errno.o(.data)
    .bss                                     0x2000002c   Section      196  main.o(.bss)
    STACK                                    0x200000f0   Section     1024  startup_stm32l432xx.o(STACK)

    Global Symbols

    Symbol Name                              Value     Ov Type        Size  Object(Section)

    BuildAttributes$$THM_ISAv4$E$P$D$K$B$S$7EM$VFPi3$EXTD16$VFPS$VFMA$PE$A:L22UL41UL21$X:L11$S22US41US21$IEEE1$IW$USESV6$~STKCKD$USESV7$~SHL$OTIME$ROPI$IEEEJ$EBA8$MICROLIB$REQ8$PRES8$EABIv2 0x00000000   Number         0  anon$$obj.o ABSOLUTE
    __ARM_use_no_argv                        0x00000000   Number         0  main.o ABSOLUTE
    _printf_a                                0x00000000   Number         0  stubs.o ABSOLUTE
    _printf_c                                0x00000000   Number         0  stubs.o ABSOLUTE
    _printf_charcount                        0x00000000   Number         0  stubs.o ABSOLUTE
    _printf_d                                0x00000000   Number         0  stubs.o ABSOLUTE
    _printf_e                                0x00000000   Number         0  stubs.o ABSOLUTE
    _printf_f                                0x00000000   Number         0  stubs.o ABSOLUTE
    _printf_flags                            0x00000000   Number         0  stubs.o ABSOLUTE
    _printf_fp_dec                           0x00000000   Number         0  stubs.o ABSOLUTE
    _printf_fp_hex                           0x00000000   Number         0  stubs.o ABSOLUTE
    _printf_g                                0x00000000   Number         0  stubs.o ABSOLUTE
    _printf_i                                0x00000000   Number         0  stubs.o ABSOLUTE
    _printf_int_dec                          0x00000000   Number         0  stubs.o ABSOLUTE
    _printf_l                                0x00000000   Number         0  stubs.o ABSOLUTE
    _printf_lc                               0x00000000   Number         0  stubs.o ABSOLUTE
    _printf_ll                               0x00000000   Number         0  stubs.o ABSOLUTE
    _printf_lld                              0x00000000   Number         0  stubs.o ABSOLUTE
    _printf_lli                              0x00000000   Number         0  stubs.o ABSOLUTE
    _printf_llo                              0x00000000   Number         0  stubs.o ABSOLUTE
    _printf_llu                              0x00000000   Number         0  stubs.o ABSOLUTE
    _printf_llx                              0x00000000   Number         0  stubs.o ABSOLUTE
    _printf_longlong_dec                     0x00000000   Number         0  stubs.o ABSOLUTE
    _printf_longlong_hex                     0x00000000   Number         0  stubs.o ABSOLUTE
    _printf_longlong_oct                     0x00000000   Number         0  stubs.o ABSOLUTE
    _printf_ls                               0x00000000   Number         0  stubs.o ABSOLUTE
    _printf_mbtowc                           0x00000000   Number         0  stubs.o ABSOLUTE
    _printf_n                                0x00000000   Number         0  stubs.o ABSOLUTE
    _printf_o                                0x00000000   Number         0  stubs.o ABSOLUTE
    _printf_p                                0x00000000   Number         0  stubs.o ABSOLUTE
    _printf_percent                          0x00000000   Number         0  stubs.o ABSOLUTE
    _printf_pre_padding                      0x00000000   Number         0  stubs.o ABSOLUTE
    _printf_return_value                     0x00000000   Number         0  stubs.o ABSOLUTE
    _printf_s                                0x00000000   Number         0  stubs.o ABSOLUTE
    _printf_sizespec                         0x00000000   Number         0  stubs.o ABSOLUTE
    _printf_str                              0x00000000   Number         0  stubs.o ABSOLUTE
    _printf_truncate_signed                  0x00000000   Number         0  stubs.o ABSOLUTE
    _printf_truncate_unsigned                0x00000000   Number         0  stubs.o ABSOLUTE
    _printf_u                                0x00000000   Number         0  stubs.o ABSOLUTE
    _printf_wc                               0x00000000   Number         0  stubs.o ABSOLUTE
    _printf_wctomb                           0x00000000   Number         0  stubs.o ABSOLUTE
    _printf_widthprec                        0x00000000   Number         0  stubs.o ABSOLUTE
    _printf_x                                0x00000000   Number         0  stubs.o ABSOLUTE
    __cpp_initialize__aeabi_                  - Undefined Weak Reference
    __cxa_finalize                            - Undefined Weak Reference
    __decompress                              - Undefined Weak Reference
    _clock_init                               - Undefined Weak Reference
    _microlib_exit                            - Undefined Weak Reference
    __Vectors_Size                           0x0000018c   Number         0  startup_stm32l432xx.o ABSOLUTE
    __Vectors                                0x08000000   Data           4  startup_stm32l432xx.o(RESET)
    __Vectors_End                            0x0800018c   Data           0  startup_stm32l432xx.o(RESET)
    __main                                   0x0800018d   Thumb Code     0  entry.o(.ARM.Collect$$$$00000000)
    _main_stk                                0x0800018d   Thumb Code     0  entry2.o(.ARM.Collect$$$$00000001)
    _main_scatterload                        0x08000191   Thumb Code     0  entry5.o(.ARM.Collect$$$$00000004)
    __main_after_scatterload                 0x08000195   Thumb Code     0  entry5.o(.ARM.Collect$$$$00000004)
    _main_clock                              0x08000195   Thumb Code     0  entry7b.o(.ARM.Collect$$$$00000008)
    _main_cpp_init                           0x08000195   Thumb Code     0  entry8b.o(.ARM.Collect$$$$0000000A)
    _main_init                               0x08000195   Thumb Code     0  entry9a.o(.ARM.Collect$$$$0000000B)
    __rt_final_cpp                           0x0800019d   Thumb Code     0  entry10a.o(.ARM.Collect$$$$0000000D)
    __rt_final_exit                          0x0800019d   Thumb Code     0  entry11a.o(.ARM.Collect$$$$0000000F)
    Reset_Handler                            0x080001a1   Thumb Code     8  startup_stm32l432xx.o(.text)
    ADC1_IRQHandler                          0x080001bb   Thumb Code     0  startup_stm32l432xx.o(.text)
    CAN1_RX0_IRQHandler                      0x080001bb   Thumb Code     0  startup_stm32l432xx.o(.text)
    CAN1_RX1_IRQHandler                      0x080001bb   Thumb Code     0  startup_stm32l432xx.o(.text)
    CAN1_SCE_IRQHandler                      0x080001bb   Thumb Code     0  startup_stm32l432xx.o(.text)
    CAN1_TX_IRQHandler                       0x080001bb   Thumb Code     0  startup_stm32l432xx.o(.text)
    COMP_IRQHandler                          0x080001bb   Thumb Code     0  startup_stm32l432xx.o(.text)
    CRS_IRQHandler                           0x080001bb   Thumb Code     0  startup_stm32l432xx.o(.text)
    DMA1_Channel1_IRQHandler                 0x080001bb   Thumb Code     0  startup_stm32l432xx.o(.text)
    DMA1_Channel2_IRQHandler                 0x080001bb   Thumb Code     0  startup_stm32l432xx.o(.text)
    DMA1_Channel3_IRQHandler                 0x080001bb   Thumb Code     0  startup_stm32l432xx.o(.text)
    DMA1_Channel4_IRQHandler                 0x080001bb   Thumb Code     0  startup_stm32l432xx.o(.text)
    DMA1_Channel5_IRQHandler                 0x080001bb   Thumb Code     0  startup_stm32l432xx.o(.text)
    DMA1_Channel6_IRQHandler                 0x080001bb   Thumb Code     0  startup_stm32l432xx.o(.text)
    DMA1_Channel7_IRQHandler                 0x080001bb   Thumb Code     0  startup_stm32l432xx.o(.text)
    DMA2_Channel1_IRQHandler                 0x080001bb   Thumb Code     0  startup_stm32l432xx.o(.text)
    DMA2_Channel2_IRQHandler                 0x080001bb   Thumb Code     0  startup_stm32l432xx.o(.text)
    DMA2_Channel3_IRQHandler                 0x080001bb   Thumb Code     0  startup_stm32l432xx.o(.text)
    DMA2_Channel4_IRQHandler                 0x080001bb   Thumb Code     0  startup_stm32l432xx.o(.text)
    DMA2_Channel5_IRQHandler                 0x080001bb   Thumb Code     0  startup_stm32l432xx.o(.text)
    DMA2_Channel6_IRQHandler                 0x080001bb   Thumb Code     0  startup_stm32l432xx.o(.text)
    DMA2_Channel7_IRQHandler                 0x080001bb   Thumb Code     0  startup_stm32l432xx.o(.text)
    EXTI0_IRQHandler                         0x080001bb   Thumb Code     0  startup_stm32l432xx.o(.text)
    EXTI15_10_IRQHandler                     0x080001bb   Thumb Code     0  startup_stm32l432xx.o(.text)
    EXTI1_IRQHandler                         0x080001bb   Thumb Code     0  startup_stm32l432xx.o(.text)
    EXTI2_IRQHandler                         0x080001bb   Thumb Code     0  startup_stm32l432xx.o(.text)
    EXTI3_IRQHandler                         0x080001bb   Thumb Code     0  startup_stm32l432xx.o(.text)
    EXTI4_IRQHandler                         0x080001bb   Thumb Code     0  startup_stm32l432xx.o(.text)
    EXTI9_5_IRQHandler                       0x080001bb   Thumb Code     0  startup_stm32l432xx.o(.text)
    FLASH_IRQHandler                         0x080001bb   Thumb Code     0  startup_stm32l432xx.o(.text)
    FPU_IRQHandler                           0x080001bb   Thumb Code     0  startup_stm32l432xx.o(.text)
    I2C1_ER_IRQHandler                       0x080001bb   Thumb Code     0  startup_stm32l432xx.o(.text)
    I2C1_EV_IRQHandler                       0x080001bb   Thumb Code     0  startup_stm32l432xx.o(.text)
    I2C3_ER_IRQHandler                       0x080001bb   Thumb Code     0  startup_stm32l432xx.o(.text)
    I2C3_EV_IRQHandler                       0x080001bb   Thumb Code     0  startup_stm32l432xx.o(.text)
    LPTIM1_IRQHandler                        0x080001bb   Thumb Code     0  startup_stm32l432xx.o(.text)
    LPTIM2_IRQHandler                        0x080001bb   Thumb Code     0  startup_stm32l432xx.o(.text)
    LPUART1_IRQHandler                       0x080001bb   Thumb Code     0  startup_stm32l432xx.o(.text)
    PVD_PVM_IRQHandler                       0x080001bb   Thumb Code     0  startup_stm32l432xx.o(.text)
    QUADSPI_IRQHandler                       0x080001bb   Thumb Code     0  startup_stm32l432xx.o(.text)
    RCC_IRQHandler                           0x080001bb   Thumb Code     0  startup_stm32l432xx.o(.text)
    RNG_IRQHandler                           0x080001bb   Thumb Code     0  startup_stm32l432xx.o(.text)
    RTC_Alarm_IRQHandler                     0x080001bb   Thumb Code     0  startup_stm32l432xx.o(.text)
    RTC_WKUP_IRQHandler                      0x080001bb   Thumb Code     0  startup_stm32l432xx.o(.text)
    SAI1_IRQHandler                          0x080001bb   Thumb Code     0  startup_stm32l432xx.o(.text)
    SPI1_IRQHandler                          0x080001bb   Thumb Code     0  startup_stm32l432xx.o(.text)
    SPI3_IRQHandler                          0x080001bb   Thumb Code     0  startup_stm32l432xx.o(.text)
    SWPMI1_IRQHandler                        0x080001bb   Thumb Code     0  startup_stm32l432xx.o(.text)
    TAMP_STAMP_IRQHandler                    0x080001bb   Thumb Code     0  startup_stm32l432xx.o(.text)
    TIM1_BRK_TIM15_IRQHandler                0x080001bb   Thumb Code     0  startup_stm32l432xx.o(.text)
    TIM1_CC_IRQHandler                       0x080001bb   Thumb Code     0  startup_stm32l432xx.o(.text)
    TIM1_TRG_COM_IRQHandler                  0x080001bb   Thumb Code     0  startup_stm32l432xx.o(.text)
    TIM1_UP_TIM16_IRQHandler                 0x080001bb   Thumb Code     0  startup_stm32l432xx.o(.text)
    TIM2_IRQHandler                          0x080001bb   Thumb Code     0  startup_stm32l432xx.o(.text)
    TIM6_DAC_IRQHandler                      0x080001bb   Thumb Code     0  startup_stm32l432xx.o(.text)
    TIM7_IRQHandler                          0x080001bb   Thumb Code     0  startup_stm32l432xx.o(.text)
    TSC_IRQHandler                           0x080001bb   Thumb Code     0  startup_stm32l432xx.o(.text)
    USART2_IRQHandler                        0x080001bb   Thumb Code     0  startup_stm32l432xx.o(.text)
    USB_IRQHandler                           0x080001bb   Thumb Code     0  startup_stm32l432xx.o(.text)
    WWDG_IRQHandler                          0x080001bb   Thumb Code     0  startup_stm32l432xx.o(.text)
    __aeabi_uldivmod                         0x080001c5   Thumb Code    98  uldiv.o(.text)
    __aeabi_memset                           0x0800022d   Thumb Code    14  memseta.o(.text)
    __aeabi_memset4                          0x0800022d   Thumb Code     0  memseta.o(.text)
    __aeabi_memset8                          0x0800022d   Thumb Code     0  memseta.o(.text)
    __aeabi_memclr                           0x0800023b   Thumb Code     4  memseta.o(.text)
    __aeabi_memclr4                          0x0800023b   Thumb Code     0  memseta.o(.text)
    __aeabi_memclr8                          0x0800023b   Thumb Code     0  memseta.o(.text)
    _memset$wrapper                          0x0800023f   Thumb Code    18  memseta.o(.text)
    atoi                                     0x08000251   Thumb Code    26  atoi.o(.text)
    __aeabi_dadd                             0x0800026b   Thumb Code   322  dadd.o(.text)
    __aeabi_dsub                             0x080003ad   Thumb Code     6  dadd.o(.text)
    __aeabi_drsub                            0x080003b3   Thumb Code     6  dadd.o(.text)
    __aeabi_dmul                             0x080003c9   Thumb Code   228  dmul.o(.text)
    __aeabi_d2uiz                            0x080004b3   Thumb Code    50  dfixui.o(.text)
    __aeabi_f2d                              0x080004e5   Thumb Code    38  f2d.o(.text)
    __aeabi_d2f                              0x0800050b   Thumb Code    56  d2f.o(.text)
    __aeabi_uidiv                            0x08000543   Thumb Code     0  uidiv.o(.text)
    __aeabi_uidivmod                         0x08000543   Thumb Code    44  uidiv.o(.text)
    __aeabi_llsl                             0x0800056f   Thumb Code    30  llshl.o(.text)
    _ll_shift_l                              0x0800056f   Thumb Code     0  llshl.o(.text)
    __aeabi_llsr                             0x0800058d   Thumb Code    32  llushr.o(.text)
    _ll_ushift_r                             0x0800058d   Thumb Code     0  llushr.o(.text)
    __aeabi_lasr                             0x080005ad   Thumb Code    36  llsshr.o(.text)
    _ll_sshift_r                             0x080005ad   Thumb Code     0  llsshr.o(.text)
    strtol                                   0x080005d1   Thumb Code   112  strtol.o(.text)
    __I$use$fp                               0x08000641   Thumb Code     0  iusefp.o(.text)
    _float_round                             0x08000641   Thumb Code    18  fepilogue.o(.text)
    _float_epilogue                          0x08000653   Thumb Code    92  fepilogue.o(.text)
    _double_round                            0x080006af   Thumb Code    30  depilogue.o(.text)
    _double_epilogue                         0x080006cd   Thumb Code   156  depilogue.o(.text)
    __aeabi_cdrcmple                         0x08000769   Thumb Code    48  cdrcmple.o(.text)
    __scatterload                            0x08000799   Thumb Code    28  init.o(.text)
    __scatterload_rt2                        0x08000799   Thumb Code     0  init.o(.text)
    __rt_ctype_table                         0x080007bd   Thumb Code     4  ctype_o.o(.text)
    _strtoul                                 0x080007c5   Thumb Code   158  _strtoul.o(.text)
    _chval                                   0x08000869   Thumb Code    28  _chval.o(.text)
    BSP_LED_Init                             0x08000885   Thumb Code    74  stm32l4xx_nucleo_32.o(i.BSP_LED_Init)
    BSP_LED_Off                              0x080008dd   Thumb Code    18  stm32l4xx_nucleo_32.o(i.BSP_LED_Off)
    BSP_LED_On                               0x080008f9   Thumb Code    18  stm32l4xx_nucleo_32.o(i.BSP_LED_On)
    BSP_LED_Toggle                           0x08000915   Thumb Code    16  stm32l4xx_nucleo_32.o(i.BSP_LED_Toggle)
    BusFault_Handler                         0x0800092d   Thumb Code     2  stm32l4xx_it.o(i.BusFault_Handler)
    DebugMon_Handler                         0x0800092f   Thumb Code     2  stm32l4xx_it.o(i.DebugMon_Handler)
    Error_Handler                            0x08000931   Thumb Code    24  main.o(i.Error_Handler)
    HAL_DMA_Abort_IT                         0x08000949   Thumb Code    78  stm32l4xx_hal_dma.o(i.HAL_DMA_Abort_IT)
    HAL_Delay                                0x08000997   Thumb Code    28  stm32l4xx_hal.o(i.HAL_Delay)
    HAL_GPIO_Init                            0x080009b5   Thumb Code   538  stm32l4xx_hal_gpio.o(i.HAL_GPIO_Init)
    HAL_GPIO_TogglePin                       0x08000c45   Thumb Code    26  stm32l4xx_hal_gpio.o(i.HAL_GPIO_TogglePin)
    HAL_GPIO_WritePin                        0x08000c9d   Thumb Code    44  stm32l4xx_hal_gpio.o(i.HAL_GPIO_WritePin)
    HAL_GetTick                              0x08000d05   Thumb Code     6  stm32l4xx_hal.o(i.HAL_GetTick)
    HAL_I2CEx_ConfigAnalogFilter             0x08000d11   Thumb Code   128  stm32l4xx_hal_i2c_ex.o(i.HAL_I2CEx_ConfigAnalogFilter)
    HAL_I2CEx_ConfigDigitalFilter            0x08000dd5   Thumb Code   120  stm32l4xx_hal_i2c_ex.o(i.HAL_I2CEx_ConfigDigitalFilter)
    HAL_I2C_Init                             0x08000e91   Thumb Code   358  stm32l4xx_hal_i2c.o(i.HAL_I2C_Init)
    HAL_I2C_Master_Receive                   0x0800103d   Thumb Code   282  stm32l4xx_hal_i2c.o(i.HAL_I2C_Master_Receive)
    HAL_I2C_Master_Transmit                  0x08001169   Thumb Code   282  stm32l4xx_hal_i2c.o(i.HAL_I2C_Master_Transmit)
    HAL_I2C_MspInit                          0x08001295   Thumb Code    92  stm32l4xx_hal_msp.o(i.HAL_I2C_MspInit)
    HAL_IncTick                              0x080012f9   Thumb Code    10  stm32l4xx_hal.o(i.HAL_IncTick)
    HAL_Init                                 0x08001309   Thumb Code    30  stm32l4xx_hal.o(i.HAL_Init)
    HAL_InitTick                             0x08001329   Thumb Code    42  stm32l4xx_hal.o(i.HAL_InitTick)
    HAL_MspInit                              0x08001359   Thumb Code    38  stm32l4xx_hal_msp.o(i.HAL_MspInit)
    HAL_NVIC_EnableIRQ                       0x08001385   Thumb Code    36  stm32l4xx_hal_cortex.o(i.HAL_NVIC_EnableIRQ)
    HAL_NVIC_SetPriority                     0x080013e5   Thumb Code    94  stm32l4xx_hal_cortex.o(i.HAL_NVIC_SetPriority)
    HAL_NVIC_SetPriorityGrouping             0x08001485   Thumb Code    58  stm32l4xx_hal_cortex.o(i.HAL_NVIC_SetPriorityGrouping)
    HAL_PWREx_ControlVoltageScaling          0x08001505   Thumb Code   112  stm32l4xx_hal_pwr_ex.o(i.HAL_PWREx_ControlVoltageScaling)
    HAL_PWREx_GetVoltageRange                0x080015bd   Thumb Code    10  stm32l4xx_hal_pwr_ex.o(i.HAL_PWREx_GetVoltageRange)
    HAL_RCCEx_PeriphCLKConfig                0x080015cd   Thumb Code  1128  stm32l4xx_hal_rcc_ex.o(i.HAL_RCCEx_PeriphCLKConfig)
    HAL_RCC_ClockConfig                      0x08001a3d   Thumb Code   466  stm32l4xx_hal_rcc.o(i.HAL_RCC_ClockConfig)
    HAL_RCC_GetPCLK1Freq                     0x08001c59   Thumb Code    24  stm32l4xx_hal_rcc.o(i.HAL_RCC_GetPCLK1Freq)
    HAL_RCC_GetPCLK2Freq                     0x08001c7d   Thumb Code    24  stm32l4xx_hal_rcc.o(i.HAL_RCC_GetPCLK2Freq)
    HAL_RCC_GetSysClockFreq                  0x08001ca1   Thumb Code   152  stm32l4xx_hal_rcc.o(i.HAL_RCC_GetSysClockFreq)
    HAL_RCC_OscConfig                        0x08001d45   Thumb Code  1694  stm32l4xx_hal_rcc.o(i.HAL_RCC_OscConfig)
    HAL_SYSTICK_Config                       0x080023ed   Thumb Code    40  stm32l4xx_hal_cortex.o(i.HAL_SYSTICK_Config)
    HAL_UARTEx_WakeupCallback                0x08002415   Thumb Code     2  stm32l4xx_hal_uart_ex.o(i.HAL_UARTEx_WakeupCallback)
    HAL_UART_ErrorCallback                   0x08002417   Thumb Code     2  stm32l4xx_hal_uart.o(i.HAL_UART_ErrorCallback)
    HAL_UART_IRQHandler                      0x08002419   Thumb Code   320  stm32l4xx_hal_uart.o(i.HAL_UART_IRQHandler)
    HAL_UART_Init                            0x0800255d   Thumb Code   158  stm32l4xx_hal_uart.o(i.HAL_UART_Init)
    HAL_UART_MspInit                         0x08002645   Thumb Code   104  stm32l4xx_hal_msp.o(i.HAL_UART_MspInit)
    HAL_UART_Receive_IT                      0x080026b9   Thumb Code   164  stm32l4xx_hal_uart.o(i.HAL_UART_Receive_IT)
    HAL_UART_RxCpltCallback                  0x08002765   Thumb Code   248  main.o(i.HAL_UART_RxCpltCallback)
    HAL_UART_Transmit                        0x08002871   Thumb Code   176  stm32l4xx_hal_uart.o(i.HAL_UART_Transmit)
    HAL_UART_TxCpltCallback                  0x08002921   Thumb Code     2  stm32l4xx_hal_uart.o(i.HAL_UART_TxCpltCallback)
    HardFault_Handler                        0x08002923   Thumb Code     2  stm32l4xx_it.o(i.HardFault_Handler)
    MemManage_Handler                        0x08002cad   Thumb Code     2  stm32l4xx_it.o(i.MemManage_Handler)
    NMI_Handler                              0x08002caf   Thumb Code     2  stm32l4xx_it.o(i.NMI_Handler)
    PCA9685_Go                               0x08002cd1   Thumb Code     4  pca9685.o(i.PCA9685_Go)
    PCA9685_Reset                            0x08002cd5   Thumb Code     8  pca9685.o(i.PCA9685_Reset)
    PCA9685_read                             0x08002cdd   Thumb Code    44  pca9685.o(i.PCA9685_read)
    PCA9685_write                            0x08002d0d   Thumb Code    30  pca9685.o(i.PCA9685_write)
    PendSV_Handler                           0x08002d31   Thumb Code     2  stm32l4xx_it.o(i.PendSV_Handler)
    SVC_Handler                              0x08002fc1   Thumb Code     2  stm32l4xx_it.o(i.SVC_Handler)
    SysTick_Handler                          0x08002fc3   Thumb Code     4  stm32l4xx_it.o(i.SysTick_Handler)
    SystemClock_Config                       0x08002fc7   Thumb Code   130  main.o(i.SystemClock_Config)
    SystemInit                               0x08003049   Thumb Code    56  system_stm32l4xx_1.o(i.SystemInit)
    UART_AdvFeatureConfig                    0x0800308d   Thumb Code   436  stm32l4xx_hal_uart.o(i.UART_AdvFeatureConfig)
    UART_CheckIdleState                      0x08003285   Thumb Code    92  stm32l4xx_hal_uart.o(i.UART_CheckIdleState)
    UART_SetConfig                           0x080033cd   Thumb Code   742  stm32l4xx_hal_uart.o(i.UART_SetConfig)
    UART_WaitOnFlagUntilTimeout              0x08003719   Thumb Code   100  stm32l4xx_hal_uart.o(i.UART_WaitOnFlagUntilTimeout)
    USART1_IRQHandler                        0x0800377d   Thumb Code    22  stm32l4xx_it.o(i.USART1_IRQHandler)
    UsageFault_Handler                       0x0800379d   Thumb Code     2  stm32l4xx_it.o(i.UsageFault_Handler)
    __0printf$3                              0x080037a1   Thumb Code    22  printf3.o(i.__0printf$3)
    __1printf$3                              0x080037a1   Thumb Code     0  printf3.o(i.__0printf$3)
    __2printf                                0x080037a1   Thumb Code     0  printf3.o(i.__0printf$3)
    __0sprintf$3                             0x080037c1   Thumb Code    34  printf3.o(i.__0sprintf$3)
    __1sprintf$3                             0x080037c1   Thumb Code     0  printf3.o(i.__0sprintf$3)
    __2sprintf                               0x080037c1   Thumb Code     0  printf3.o(i.__0sprintf$3)
    __aeabi_errno_addr                       0x080037e9   Thumb Code     4  errno.o(i.__aeabi_errno_addr)
    __rt_errno_addr                          0x080037e9   Thumb Code     0  errno.o(i.__aeabi_errno_addr)
    __hardfp_floor                           0x080037f1   Thumb Code   252  floor.o(i.__hardfp_floor)
    __scatterload_copy                       0x08003909   Thumb Code    14  handlers.o(i.__scatterload_copy)
    __scatterload_null                       0x08003917   Thumb Code     2  handlers.o(i.__scatterload_null)
    __scatterload_zeroinit                   0x08003919   Thumb Code    14  handlers.o(i.__scatterload_zeroinit)
    assert_failed                            0x08003af1   Thumb Code     2  main.o(i.assert_failed)
    fputc                                    0x08003af5   Thumb Code    20  main.o(i.fputc)
    main                                     0x08003b0d   Thumb Code   104  main.o(i.main)
    setPWM                                   0x08003b85   Thumb Code    68  pca9685.o(i.setPWM)
    setPWMFreq                               0x08003bc9   Thumb Code   136  pca9685.o(i.setPWMFreq)
    AHBPrescTable                            0x08003c64   Data          16  system_stm32l4xx_1.o(.constdata)
    MSIRangeTable                            0x08003c74   Data          48  system_stm32l4xx_1.o(.constdata)
    APBPrescTable                            0x08003ca4   Data           8  system_stm32l4xx_1.o(.constdata)
    LED_PIN                                  0x08003cac   Data           2  stm32l4xx_nucleo_32.o(.constdata)
    __ctype_table                            0x08003cae   Data         129  ctype_o.o(.constdata)
    Region$$Table$$Base                      0x08003d34   Number         0  anon$$obj.o(Region$$Table)
    Region$$Table$$Limit                     0x08003d54   Number         0  anon$$obj.o(Region$$Table)
    SystemCoreClock                          0x20000000   Data           4  system_stm32l4xx_1.o(.data)
    uwTick                                   0x20000004   Data           4  stm32l4xx_hal.o(.data)
    mRxBuffer                                0x20000008   Data           8  main.o(.data)
    currentAngel                             0x20000010   Data          12  main.o(.data)
    LED_PORT                                 0x2000001c   Data           4  stm32l4xx_nucleo_32.o(.data)
    I2c1Timeout                              0x20000020   Data           4  stm32l4xx_nucleo_32.o(.data)
    __stdout                                 0x20000024   Data           4  stdout.o(.data)
    hi2c1                                    0x2000002c   Data          76  main.o(.bss)
    huart1                                   0x20000078   Data         120  main.o(.bss)
    __initial_sp                             0x200004f0   Data           0  startup_stm32l432xx.o(STACK)



==============================================================================

Memory Map of the image

  Image Entry point : 0x0800018d

  Load Region LR_IROM1 (Base: 0x08000000, Size: 0x00003d80, Max: 0x00040000, ABSOLUTE)

    Execution Region ER_IROM1 (Exec base: 0x08000000, Load base: 0x08000000, Size: 0x00003d54, Max: 0x00040000, ABSOLUTE)

    Exec Addr    Load Addr    Size         Type   Attr      Idx    E Section Name        Object

    0x08000000   0x08000000   0x0000018c   Data   RO            3    RESET               startup_stm32l432xx.o
    0x0800018c   0x0800018c   0x00000000   Code   RO         2967  * .ARM.Collect$$$$00000000  mc_w.l(entry.o)
    0x0800018c   0x0800018c   0x00000004   Code   RO         3247    .ARM.Collect$$$$00000001  mc_w.l(entry2.o)
    0x08000190   0x08000190   0x00000004   Code   RO         3250    .ARM.Collect$$$$00000004  mc_w.l(entry5.o)
    0x08000194   0x08000194   0x00000000   Code   RO         3252    .ARM.Collect$$$$00000008  mc_w.l(entry7b.o)
    0x08000194   0x08000194   0x00000000   Code   RO         3254    .ARM.Collect$$$$0000000A  mc_w.l(entry8b.o)
    0x08000194   0x08000194   0x00000008   Code   RO         3255    .ARM.Collect$$$$0000000B  mc_w.l(entry9a.o)
    0x0800019c   0x0800019c   0x00000000   Code   RO         3257    .ARM.Collect$$$$0000000D  mc_w.l(entry10a.o)
    0x0800019c   0x0800019c   0x00000000   Code   RO         3259    .ARM.Collect$$$$0000000F  mc_w.l(entry11a.o)
    0x0800019c   0x0800019c   0x00000004   Code   RO         3248    .ARM.Collect$$$$00002712  mc_w.l(entry2.o)
    0x080001a0   0x080001a0   0x00000024   Code   RO            4    .text               startup_stm32l432xx.o
    0x080001c4   0x080001c4   0x00000068   Code   RO         2970    .text               mc_w.l(uldiv.o)
    0x0800022c   0x0800022c   0x00000024   Code   RO         2972    .text               mc_w.l(memseta.o)
    0x08000250   0x08000250   0x0000001a   Code   RO         3235    .text               mc_w.l(atoi.o)
    0x0800026a   0x0800026a   0x0000015e   Code   RO         3237    .text               mf_w.l(dadd.o)
    0x080003c8   0x080003c8   0x000000ea   Code   RO         3239    .text               mf_w.l(dmul.o)
    0x080004b2   0x080004b2   0x00000032   Code   RO         3241    .text               mf_w.l(dfixui.o)
    0x080004e4   0x080004e4   0x00000026   Code   RO         3243    .text               mf_w.l(f2d.o)
    0x0800050a   0x0800050a   0x00000038   Code   RO         3245    .text               mf_w.l(d2f.o)
    0x08000542   0x08000542   0x0000002c   Code   RO         3262    .text               mc_w.l(uidiv.o)
    0x0800056e   0x0800056e   0x0000001e   Code   RO         3264    .text               mc_w.l(llshl.o)
    0x0800058c   0x0800058c   0x00000020   Code   RO         3266    .text               mc_w.l(llushr.o)
    0x080005ac   0x080005ac   0x00000024   Code   RO         3268    .text               mc_w.l(llsshr.o)
    0x080005d0   0x080005d0   0x00000070   Code   RO         3277    .text               mc_w.l(strtol.o)
    0x08000640   0x08000640   0x00000000   Code   RO         3279    .text               mc_w.l(iusefp.o)
    0x08000640   0x08000640   0x0000006e   Code   RO         3280    .text               mf_w.l(fepilogue.o)
    0x080006ae   0x080006ae   0x000000ba   Code   RO         3282    .text               mf_w.l(depilogue.o)
    0x08000768   0x08000768   0x00000030   Code   RO         3288    .text               mf_w.l(cdrcmple.o)
    0x08000798   0x08000798   0x00000024   Code   RO         3290    .text               mc_w.l(init.o)
    0x080007bc   0x080007bc   0x00000008   Code   RO         3292    .text               mc_w.l(ctype_o.o)
    0x080007c4   0x080007c4   0x000000a4   Code   RO         3320    .text               mc_w.l(_strtoul.o)
    0x08000868   0x08000868   0x0000001c   Code   RO         3322    .text               mc_w.l(_chval.o)
    0x08000884   0x08000884   0x00000058   Code   RO         2854    i.BSP_LED_Init      stm32l4xx_nucleo_32.o
    0x080008dc   0x080008dc   0x0000001c   Code   RO         2855    i.BSP_LED_Off       stm32l4xx_nucleo_32.o
    0x080008f8   0x080008f8   0x0000001c   Code   RO         2856    i.BSP_LED_On        stm32l4xx_nucleo_32.o
    0x08000914   0x08000914   0x00000018   Code   RO         2857    i.BSP_LED_Toggle    stm32l4xx_nucleo_32.o
    0x0800092c   0x0800092c   0x00000002   Code   RO         2580    i.BusFault_Handler  stm32l4xx_it.o
    0x0800092e   0x0800092e   0x00000002   Code   RO         2581    i.DebugMon_Handler  stm32l4xx_it.o
    0x08000930   0x08000930   0x00000018   Code   RO         2494    i.Error_Handler     main.o
    0x08000948   0x08000948   0x0000004e   Code   RO         1864    i.HAL_DMA_Abort_IT  stm32l4xx_hal_dma.o
    0x08000996   0x08000996   0x0000001c   Code   RO         1124    i.HAL_Delay         stm32l4xx_hal.o
    0x080009b2   0x080009b2   0x00000002   PAD
    0x080009b4   0x080009b4   0x0000028e   Code   RO         1799    i.HAL_GPIO_Init     stm32l4xx_hal_gpio.o
    0x08000c42   0x08000c42   0x00000002   PAD
    0x08000c44   0x08000c44   0x00000058   Code   RO         1802    i.HAL_GPIO_TogglePin  stm32l4xx_hal_gpio.o
    0x08000c9c   0x08000c9c   0x00000068   Code   RO         1803    i.HAL_GPIO_WritePin  stm32l4xx_hal_gpio.o
    0x08000d04   0x08000d04   0x0000000c   Code   RO         1128    i.HAL_GetTick       stm32l4xx_hal.o
    0x08000d10   0x08000d10   0x000000c4   Code   RO          605    i.HAL_I2CEx_ConfigAnalogFilter  stm32l4xx_hal_i2c_ex.o
    0x08000dd4   0x08000dd4   0x000000bc   Code   RO          606    i.HAL_I2CEx_ConfigDigitalFilter  stm32l4xx_hal_i2c_ex.o
    0x08000e90   0x08000e90   0x000001ac   Code   RO          155    i.HAL_I2C_Init      stm32l4xx_hal_i2c.o
    0x0800103c   0x0800103c   0x0000012a   Code   RO          161    i.HAL_I2C_Master_Receive  stm32l4xx_hal_i2c.o
    0x08001166   0x08001166   0x00000002   PAD
    0x08001168   0x08001168   0x0000012a   Code   RO          168    i.HAL_I2C_Master_Transmit  stm32l4xx_hal_i2c.o
    0x08001292   0x08001292   0x00000002   PAD
    0x08001294   0x08001294   0x00000064   Code   RO         2663    i.HAL_I2C_MspInit   stm32l4xx_hal_msp.o
    0x080012f8   0x080012f8   0x00000010   Code   RO         1132    i.HAL_IncTick       stm32l4xx_hal.o
    0x08001308   0x08001308   0x0000001e   Code   RO         1133    i.HAL_Init          stm32l4xx_hal.o
    0x08001326   0x08001326   0x00000002   PAD
    0x08001328   0x08001328   0x00000030   Code   RO         1134    i.HAL_InitTick      stm32l4xx_hal.o
    0x08001358   0x08001358   0x0000002c   Code   RO         2664    i.HAL_MspInit       stm32l4xx_hal_msp.o
    0x08001384   0x08001384   0x00000060   Code   RO         2292    i.HAL_NVIC_EnableIRQ  stm32l4xx_hal_cortex.o
    0x080013e4   0x080013e4   0x000000a0   Code   RO         2298    i.HAL_NVIC_SetPriority  stm32l4xx_hal_cortex.o
    0x08001484   0x08001484   0x00000080   Code   RO         2299    i.HAL_NVIC_SetPriorityGrouping  stm32l4xx_hal_cortex.o
    0x08001504   0x08001504   0x000000b8   Code   RO         2090    i.HAL_PWREx_ControlVoltageScaling  stm32l4xx_hal_pwr_ex.o
    0x080015bc   0x080015bc   0x00000010   Code   RO         2115    i.HAL_PWREx_GetVoltageRange  stm32l4xx_hal_pwr_ex.o
    0x080015cc   0x080015cc   0x0000046e   Code   RO         1426    i.HAL_RCCEx_PeriphCLKConfig  stm32l4xx_hal_rcc_ex.o
    0x08001a3a   0x08001a3a   0x00000002   PAD
    0x08001a3c   0x08001a3c   0x0000021c   Code   RO         1304    i.HAL_RCC_ClockConfig  stm32l4xx_hal_rcc.o
    0x08001c58   0x08001c58   0x00000024   Code   RO         1310    i.HAL_RCC_GetPCLK1Freq  stm32l4xx_hal_rcc.o
    0x08001c7c   0x08001c7c   0x00000024   Code   RO         1311    i.HAL_RCC_GetPCLK2Freq  stm32l4xx_hal_rcc.o
    0x08001ca0   0x08001ca0   0x000000a4   Code   RO         1312    i.HAL_RCC_GetSysClockFreq  stm32l4xx_hal_rcc.o
    0x08001d44   0x08001d44   0x000006a8   Code   RO         1315    i.HAL_RCC_OscConfig  stm32l4xx_hal_rcc.o
    0x080023ec   0x080023ec   0x00000028   Code   RO         2303    i.HAL_SYSTICK_Config  stm32l4xx_hal_cortex.o
    0x08002414   0x08002414   0x00000002   Code   RO         1058    i.HAL_UARTEx_WakeupCallback  stm32l4xx_hal_uart_ex.o
    0x08002416   0x08002416   0x00000002   Code   RO          717    i.HAL_UART_ErrorCallback  stm32l4xx_hal_uart.o
    0x08002418   0x08002418   0x00000144   Code   RO          720    i.HAL_UART_IRQHandler  stm32l4xx_hal_uart.o
    0x0800255c   0x0800255c   0x000000e8   Code   RO          721    i.HAL_UART_Init     stm32l4xx_hal_uart.o
    0x08002644   0x08002644   0x00000074   Code   RO         2666    i.HAL_UART_MspInit  stm32l4xx_hal_msp.o
    0x080026b8   0x080026b8   0x000000ac   Code   RO          726    i.HAL_UART_Receive_IT  stm32l4xx_hal_uart.o
    0x08002764   0x08002764   0x0000010c   Code   RO         2495    i.HAL_UART_RxCpltCallback  main.o
    0x08002870   0x08002870   0x000000b0   Code   RO          729    i.HAL_UART_Transmit  stm32l4xx_hal_uart.o
    0x08002920   0x08002920   0x00000002   Code   RO          732    i.HAL_UART_TxCpltCallback  stm32l4xx_hal_uart.o
    0x08002922   0x08002922   0x00000002   Code   RO         2582    i.HardFault_Handler  stm32l4xx_it.o
    0x08002924   0x08002924   0x00000022   Code   RO          202    i.I2C_Flush_TXDR    stm32l4xx_hal_i2c.o
    0x08002946   0x08002946   0x00000002   PAD
    0x08002948   0x08002948   0x00000084   Code   RO          210    i.I2C_IsAcknowledgeFailed  stm32l4xx_hal_i2c.o
    0x080029cc   0x080029cc   0x000000d4   Code   RO          217    i.I2C_TransferConfig  stm32l4xx_hal_i2c.o
    0x08002aa0   0x08002aa0   0x00000058   Code   RO          218    i.I2C_WaitOnFlagUntilTimeout  stm32l4xx_hal_i2c.o
    0x08002af8   0x08002af8   0x00000084   Code   RO          219    i.I2C_WaitOnRXNEFlagUntilTimeout  stm32l4xx_hal_i2c.o
    0x08002b7c   0x08002b7c   0x0000004c   Code   RO          220    i.I2C_WaitOnSTOPFlagUntilTimeout  stm32l4xx_hal_i2c.o
    0x08002bc8   0x08002bc8   0x00000050   Code   RO          221    i.I2C_WaitOnTXISFlagUntilTimeout  stm32l4xx_hal_i2c.o
    0x08002c18   0x08002c18   0x0000004c   Code   RO         2496    i.MX_I2C1_Init      main.o
    0x08002c64   0x08002c64   0x00000048   Code   RO         2497    i.MX_USART1_UART_Init  main.o
    0x08002cac   0x08002cac   0x00000002   Code   RO         2583    i.MemManage_Handler  stm32l4xx_it.o
    0x08002cae   0x08002cae   0x00000002   Code   RO         2584    i.NMI_Handler       stm32l4xx_it.o
    0x08002cb0   0x08002cb0   0x00000020   Code   RO         2305    i.NVIC_SetPriority  stm32l4xx_hal_cortex.o
    0x08002cd0   0x08002cd0   0x00000004   Code   RO         2710    i.PCA9685_Go        pca9685.o
    0x08002cd4   0x08002cd4   0x00000008   Code   RO         2711    i.PCA9685_Reset     pca9685.o
    0x08002cdc   0x08002cdc   0x00000030   Code   RO         2712    i.PCA9685_read      pca9685.o
    0x08002d0c   0x08002d0c   0x00000024   Code   RO         2713    i.PCA9685_write     pca9685.o
    0x08002d30   0x08002d30   0x00000002   Code   RO         2585    i.PendSV_Handler    stm32l4xx_it.o
    0x08002d32   0x08002d32   0x00000002   PAD
    0x08002d34   0x08002d34   0x00000210   Code   RO         1430    i.RCCEx_PLLSAI1_Config  stm32l4xx_hal_rcc_ex.o
    0x08002f44   0x08002f44   0x0000007c   Code   RO         1316    i.RCC_SetFlashLatencyFromMSIRange  stm32l4xx_hal_rcc.o
    0x08002fc0   0x08002fc0   0x00000002   Code   RO         2586    i.SVC_Handler       stm32l4xx_it.o
    0x08002fc2   0x08002fc2   0x00000004   Code   RO         2587    i.SysTick_Handler   stm32l4xx_it.o
    0x08002fc6   0x08002fc6   0x00000082   Code   RO         2498    i.SystemClock_Config  main.o
    0x08003048   0x08003048   0x00000044   Code   RO           14    i.SystemInit        system_stm32l4xx_1.o
    0x0800308c   0x0800308c   0x000001f8   Code   RO          734    i.UART_AdvFeatureConfig  stm32l4xx_hal_uart.o
    0x08003284   0x08003284   0x0000005c   Code   RO          735    i.UART_CheckIdleState  stm32l4xx_hal_uart.o
    0x080032e0   0x080032e0   0x00000014   Code   RO          736    i.UART_DMAAbortOnError  stm32l4xx_hal_uart.o
    0x080032f4   0x080032f4   0x00000020   Code   RO          746    i.UART_EndRxTransfer  stm32l4xx_hal_uart.o
    0x08003314   0x08003314   0x0000005c   Code   RO          748    i.UART_RxISR_16BIT  stm32l4xx_hal_uart.o
    0x08003370   0x08003370   0x0000005a   Code   RO          749    i.UART_RxISR_8BIT   stm32l4xx_hal_uart.o
    0x080033ca   0x080033ca   0x00000002   PAD
    0x080033cc   0x080033cc   0x0000034c   Code   RO          750    i.UART_SetConfig    stm32l4xx_hal_uart.o
    0x08003718   0x08003718   0x00000064   Code   RO          753    i.UART_WaitOnFlagUntilTimeout  stm32l4xx_hal_uart.o
    0x0800377c   0x0800377c   0x00000020   Code   RO         2588    i.USART1_IRQHandler  stm32l4xx_it.o
    0x0800379c   0x0800379c   0x00000002   Code   RO         2589    i.UsageFault_Handler  stm32l4xx_it.o
    0x0800379e   0x0800379e   0x00000002   PAD
    0x080037a0   0x080037a0   0x00000020   Code   RO         3063    i.__0printf$3       mc_w.l(printf3.o)
    0x080037c0   0x080037c0   0x00000028   Code   RO         3065    i.__0sprintf$3      mc_w.l(printf3.o)
    0x080037e8   0x080037e8   0x00000008   Code   RO         3270    i.__aeabi_errno_addr  mc_w.l(errno.o)
    0x080037f0   0x080037f0   0x00000118   Code   RO         2961    i.__hardfp_floor    m_wm.l(floor.o)
    0x08003908   0x08003908   0x0000000e   Code   RO         3326    i.__scatterload_copy  mc_w.l(handlers.o)
    0x08003916   0x08003916   0x00000002   Code   RO         3327    i.__scatterload_null  mc_w.l(handlers.o)
    0x08003918   0x08003918   0x0000000e   Code   RO         3328    i.__scatterload_zeroinit  mc_w.l(handlers.o)
    0x08003926   0x08003926   0x00000002   PAD
    0x08003928   0x08003928   0x000001be   Code   RO         3070    i._printf_core      mc_w.l(printf3.o)
    0x08003ae6   0x08003ae6   0x0000000a   Code   RO         3072    i._sputc            mc_w.l(printf3.o)
    0x08003af0   0x08003af0   0x00000002   Code   RO         2499    i.assert_failed     main.o
    0x08003af2   0x08003af2   0x00000002   PAD
    0x08003af4   0x08003af4   0x00000018   Code   RO         2500    i.fputc             main.o
    0x08003b0c   0x08003b0c   0x00000078   Code   RO         2501    i.main              main.o
    0x08003b84   0x08003b84   0x00000044   Code   RO         2716    i.setPWM            pca9685.o
    0x08003bc8   0x08003bc8   0x0000009c   Code   RO         2717    i.setPWMFreq        pca9685.o
    0x08003c64   0x08003c64   0x00000040   Data   RO           15    .constdata          system_stm32l4xx_1.o
    0x08003ca4   0x08003ca4   0x00000008   Data   RO           16    .constdata          system_stm32l4xx_1.o
    0x08003cac   0x08003cac   0x00000002   Data   RO         2867    .constdata          stm32l4xx_nucleo_32.o
    0x08003cae   0x08003cae   0x00000081   Data   RO         3293    .constdata          mc_w.l(ctype_o.o)
    0x08003d2f   0x08003d2f   0x00000001   PAD
    0x08003d30   0x08003d30   0x00000004   Data   RO         3294    .constdata          mc_w.l(ctype_o.o)
    0x08003d34   0x08003d34   0x00000020   Data   RO         3324    Region$$Table       anon$$obj.o


    Execution Region RW_IRAM1 (Exec base: 0x20000000, Load base: 0x08003d54, Size: 0x000004f0, Max: 0x00010000, ABSOLUTE)

    Exec Addr    Load Addr    Size         Type   Attr      Idx    E Section Name        Object

    0x20000000   0x08003d54   0x00000004   Data   RW           17    .data               system_stm32l4xx_1.o
    0x20000004   0x08003d58   0x00000004   Data   RW         1144    .data               stm32l4xx_hal.o
    0x20000008   0x08003d5c   0x00000014   Data   RW         2504    .data               main.o
    0x2000001c   0x08003d70   0x00000008   Data   RW         2868    .data               stm32l4xx_nucleo_32.o
    0x20000024   0x08003d78   0x00000004   Data   RW         3261    .data               mc_w.l(stdout.o)
    0x20000028   0x08003d7c   0x00000004   Data   RW         3273    .data               mc_w.l(errno.o)
    0x2000002c        -       0x000000c4   Zero   RW         2502    .bss                main.o
    0x200000f0        -       0x00000400   Zero   RW            1    STACK               startup_stm32l432xx.o


==============================================================================

Image component sizes


      Code (inc. data)   RO Data    RW Data    ZI Data      Debug   Object Name

       716         60          0         20        196       8396   main.o
       320         30          0          0          0       3830   pca9685.o
        36          8        396          0       1024        860   startup_stm32l432xx.o
       134         18          0          4          0       4323   stm32l4xx_hal.o
       456        196          0          0          0      30711   stm32l4xx_hal_cortex.o
        78          0          0          0          0       1131   stm32l4xx_hal_dma.o
       846        232          0          0          0       3301   stm32l4xx_hal_gpio.o
      1778        180          0          0          0      11026   stm32l4xx_hal_i2c.o
       384        136          0          0          0       2099   stm32l4xx_hal_i2c_ex.o
       260         26          0          0          0       2367   stm32l4xx_hal_msp.o
       200         78          0          0          0       1454   stm32l4xx_hal_pwr_ex.o
      2604        200          0          0          0       7344   stm32l4xx_hal_rcc.o
      1662        154          0          0          0       3376   stm32l4xx_hal_rcc_ex.o
      2682        276          0          0          0      13004   stm32l4xx_hal_uart.o
         2          0          0          0          0       1052   stm32l4xx_hal_uart_ex.o
        52         10          0          0          0       4842   stm32l4xx_it.o
       168         42          2          8          0       3553   stm32l4xx_nucleo_32.o
        68         12         72          4          0     627609   system_stm32l4xx_1.o

    ----------------------------------------------------------------------
     12468       1658        502         36       1220     730278   Object Totals
         0          0         32          0          0          0   (incl. Generated)
        22          0          0          0          0          0   (incl. Padding)

    ----------------------------------------------------------------------

      Code (inc. data)   RO Data    RW Data    ZI Data      Debug   Library Member Name

       280         28          0          0          0        156   floor.o
        28          0          0          0          0         68   _chval.o
       164          0          0          0          0         92   _strtoul.o
        26          0          0          0          0         80   atoi.o
         8          4        133          0          0         68   ctype_o.o
         0          0          0          0          0          0   entry.o
         0          0          0          0          0          0   entry10a.o
         0          0          0          0          0          0   entry11a.o
         8          4          0          0          0          0   entry2.o
         4          0          0          0          0          0   entry5.o
         0          0          0          0          0          0   entry7b.o
         0          0          0          0          0          0   entry8b.o
         8          4          0          0          0          0   entry9a.o
         8          4          0          4          0         68   errno.o
        30          0          0          0          0          0   handlers.o
        36          8          0          0          0         68   init.o
         0          0          0          0          0          0   iusefp.o
        30          0          0          0          0         68   llshl.o
        36          0          0          0          0         68   llsshr.o
        32          0          0          0          0         68   llushr.o
        36          0          0          0          0        108   memseta.o
       528         20          0          0          0        336   printf3.o
         0          0          0          4          0          0   stdout.o
       112          0          0          0          0         88   strtol.o
        44          0          0          0          0         80   uidiv.o
       104          0          0          0          0         92   uldiv.o
        48          0          0          0          0         68   cdrcmple.o
        56          0          0          0          0         88   d2f.o
       350          0          0          0          0        148   dadd.o
       186          0          0          0          0        176   depilogue.o
        50          0          0          0          0         76   dfixui.o
       234          0          0          0          0         96   dmul.o
        38          0          0          0          0         68   f2d.o
       110          0          0          0          0        168   fepilogue.o

    ----------------------------------------------------------------------
      2596         72        134          8          0       2396   Library Totals
         2          0          1          0          0          0   (incl. Padding)

    ----------------------------------------------------------------------

      Code (inc. data)   RO Data    RW Data    ZI Data      Debug   Library Name

       280         28          0          0          0        156   m_wm.l
      1242         44        133          8          0       1352   mc_w.l
      1072          0          0          0          0        888   mf_w.l

    ----------------------------------------------------------------------
      2596         72        134          8          0       2396   Library Totals

    ----------------------------------------------------------------------

==============================================================================


      Code (inc. data)   RO Data    RW Data    ZI Data      Debug   

     15064       1730        636         44       1220     724086   Grand Totals
     15064       1730        636         44       1220     724086   ELF Image Totals
     15064       1730        636         44          0          0   ROM Totals

==============================================================================

    Total RO  Size (Code + RO Data)                15700 (  15.33kB)
    Total RW  Size (RW Data + ZI Data)              1264 (   1.23kB)
    Total ROM Size (Code + RO Data + RW Data)      15744 (  15.38kB)

==============================================================================

